main.c:114:6:start	8	static
main.c:130:6:read_ser	32	static
main.c:149:6:create_mess	72	static
main.c:246:6:error	40	static
main.c:322:6:readbuttons	8	static
main.c:441:7:trimm	24	static
main.c:478:7:ADCtoVoltage	24	static
main.c:492:7:Voltagetoteperatur	16	static
main.c:503:6:drawlogoC	32	static
main.c:517:6:drawmenu1	56	static
main.c:586:6:drawmenu2	24	static
main.c:619:6:drawmenu3	24	static
main.c:646:6:ventilator	16	static
main.c:682:6:setDAC1	24	static
main.c:688:6:setDAC2	24	static
main.c:694:6:setVout	24	static
main.c:717:6:setIout	24	static
main.c:728:7:HAL_GPIO_EXTI_Callback	32	static
main.c:797:5:main	56	static
main.c:999:6:SystemClock_Config	88	static
main.c:1046:13:MX_ADC1_Init	24	static
main.c:1115:13:MX_I2C1_Init	8	static
main.c:1149:13:MX_I2C2_Init	8	static
main.c:1183:13:MX_TIM2_Init	48	static
main.c:1230:13:MX_DMA_Init	16	static
main.c:1248:13:MX_GPIO_Init	40	static
main.c:1309:6:Error_Handler	4	static,ignoring_inline_asm
