main.c:114:6:start	8	static
main.c:126:6:error	16	static
main.c:199:6:read_ser	32	static
main.c:218:6:create_mess	72	static
main.c:316:6:readbuttons	8	static
main.c:435:7:trimm	24	static
main.c:472:7:ADCtoVoltage	24	static
main.c:486:7:Voltagetoteperatur	16	static
main.c:497:6:drawlogoC	32	static
main.c:511:6:drawmenu1	56	static
main.c:580:6:drawmenu2	24	static
main.c:613:6:drawmenu3	24	static
main.c:640:6:ventilator	16	static
main.c:676:6:setDAC1	24	static
main.c:682:6:setDAC2	24	static
main.c:688:6:setVout	24	static
main.c:711:6:setIout	24	static
main.c:722:7:HAL_GPIO_EXTI_Callback	32	static
main.c:791:5:main	56	static
main.c:993:6:SystemClock_Config	88	static
main.c:1040:13:MX_ADC1_Init	24	static
main.c:1109:13:MX_I2C1_Init	8	static
main.c:1143:13:MX_I2C2_Init	8	static
main.c:1177:13:MX_TIM2_Init	48	static
main.c:1224:13:MX_DMA_Init	16	static
main.c:1242:13:MX_GPIO_Init	40	static
main.c:1303:6:Error_Handler	4	static,ignoring_inline_asm
