Archive member included to satisfy reference by file (symbol)

c:/st/stm32cubeide_1.8.0/stm32cubeide/plugins/com.st.stm32cube.ide.mcu.externaltools.gnu-tools-for-stm32.9-2020-q2-update.win32_2.0.0.202105311346/tools/bin/../lib/gcc/arm-none-eabi/9.3.1/../../../../arm-none-eabi/lib/thumb/v7-m/nofp\libc_nano.a(lib_a-atoi.o)
                              ./Core/Src/main.o (atoi)
c:/st/stm32cubeide_1.8.0/stm32cubeide/plugins/com.st.stm32cube.ide.mcu.externaltools.gnu-tools-for-stm32.9-2020-q2-update.win32_2.0.0.202105311346/tools/bin/../lib/gcc/arm-none-eabi/9.3.1/../../../../arm-none-eabi/lib/thumb/v7-m/nofp\libc_nano.a(lib_a-errno.o)
                              ./Core/Src/syscalls.o (__errno)
c:/st/stm32cubeide_1.8.0/stm32cubeide/plugins/com.st.stm32cube.ide.mcu.externaltools.gnu-tools-for-stm32.9-2020-q2-update.win32_2.0.0.202105311346/tools/bin/../lib/gcc/arm-none-eabi/9.3.1/../../../../arm-none-eabi/lib/thumb/v7-m/nofp\libc_nano.a(lib_a-exit.o)
                              c:/st/stm32cubeide_1.8.0/stm32cubeide/plugins/com.st.stm32cube.ide.mcu.externaltools.gnu-tools-for-stm32.9-2020-q2-update.win32_2.0.0.202105311346/tools/bin/../lib/gcc/arm-none-eabi/9.3.1/../../../../arm-none-eabi/lib/thumb/v7-m/nofp/crt0.o (exit)
c:/st/stm32cubeide_1.8.0/stm32cubeide/plugins/com.st.stm32cube.ide.mcu.externaltools.gnu-tools-for-stm32.9-2020-q2-update.win32_2.0.0.202105311346/tools/bin/../lib/gcc/arm-none-eabi/9.3.1/../../../../arm-none-eabi/lib/thumb/v7-m/nofp\libc_nano.a(lib_a-impure.o)
                              c:/st/stm32cubeide_1.8.0/stm32cubeide/plugins/com.st.stm32cube.ide.mcu.externaltools.gnu-tools-for-stm32.9-2020-q2-update.win32_2.0.0.202105311346/tools/bin/../lib/gcc/arm-none-eabi/9.3.1/../../../../arm-none-eabi/lib/thumb/v7-m/nofp\libc_nano.a(lib_a-exit.o) (_global_impure_ptr)
c:/st/stm32cubeide_1.8.0/stm32cubeide/plugins/com.st.stm32cube.ide.mcu.externaltools.gnu-tools-for-stm32.9-2020-q2-update.win32_2.0.0.202105311346/tools/bin/../lib/gcc/arm-none-eabi/9.3.1/../../../../arm-none-eabi/lib/thumb/v7-m/nofp\libc_nano.a(lib_a-init.o)
                              c:/st/stm32cubeide_1.8.0/stm32cubeide/plugins/com.st.stm32cube.ide.mcu.externaltools.gnu-tools-for-stm32.9-2020-q2-update.win32_2.0.0.202105311346/tools/bin/../lib/gcc/arm-none-eabi/9.3.1/../../../../arm-none-eabi/lib/thumb/v7-m/nofp/crt0.o (__libc_init_array)
c:/st/stm32cubeide_1.8.0/stm32cubeide/plugins/com.st.stm32cube.ide.mcu.externaltools.gnu-tools-for-stm32.9-2020-q2-update.win32_2.0.0.202105311346/tools/bin/../lib/gcc/arm-none-eabi/9.3.1/../../../../arm-none-eabi/lib/thumb/v7-m/nofp\libc_nano.a(lib_a-itoa.o)
                              ./Core/Src/main.o (itoa)
c:/st/stm32cubeide_1.8.0/stm32cubeide/plugins/com.st.stm32cube.ide.mcu.externaltools.gnu-tools-for-stm32.9-2020-q2-update.win32_2.0.0.202105311346/tools/bin/../lib/gcc/arm-none-eabi/9.3.1/../../../../arm-none-eabi/lib/thumb/v7-m/nofp\libc_nano.a(lib_a-memcpy-stub.o)
                              ./USB_DEVICE/App/usbd_cdc_if.o (memcpy)
c:/st/stm32cubeide_1.8.0/stm32cubeide/plugins/com.st.stm32cube.ide.mcu.externaltools.gnu-tools-for-stm32.9-2020-q2-update.win32_2.0.0.202105311346/tools/bin/../lib/gcc/arm-none-eabi/9.3.1/../../../../arm-none-eabi/lib/thumb/v7-m/nofp\libc_nano.a(lib_a-memset.o)
                              c:/st/stm32cubeide_1.8.0/stm32cubeide/plugins/com.st.stm32cube.ide.mcu.externaltools.gnu-tools-for-stm32.9-2020-q2-update.win32_2.0.0.202105311346/tools/bin/../lib/gcc/arm-none-eabi/9.3.1/../../../../arm-none-eabi/lib/thumb/v7-m/nofp/crt0.o (memset)
c:/st/stm32cubeide_1.8.0/stm32cubeide/plugins/com.st.stm32cube.ide.mcu.externaltools.gnu-tools-for-stm32.9-2020-q2-update.win32_2.0.0.202105311346/tools/bin/../lib/gcc/arm-none-eabi/9.3.1/../../../../arm-none-eabi/lib/thumb/v7-m/nofp\libc_nano.a(lib_a-strlen.o)
                              ./Core/Src/fonts.o (strlen)
c:/st/stm32cubeide_1.8.0/stm32cubeide/plugins/com.st.stm32cube.ide.mcu.externaltools.gnu-tools-for-stm32.9-2020-q2-update.win32_2.0.0.202105311346/tools/bin/../lib/gcc/arm-none-eabi/9.3.1/../../../../arm-none-eabi/lib/thumb/v7-m/nofp\libc_nano.a(lib_a-strtol.o)
                              c:/st/stm32cubeide_1.8.0/stm32cubeide/plugins/com.st.stm32cube.ide.mcu.externaltools.gnu-tools-for-stm32.9-2020-q2-update.win32_2.0.0.202105311346/tools/bin/../lib/gcc/arm-none-eabi/9.3.1/../../../../arm-none-eabi/lib/thumb/v7-m/nofp\libc_nano.a(lib_a-atoi.o) (_strtol_r)
c:/st/stm32cubeide_1.8.0/stm32cubeide/plugins/com.st.stm32cube.ide.mcu.externaltools.gnu-tools-for-stm32.9-2020-q2-update.win32_2.0.0.202105311346/tools/bin/../lib/gcc/arm-none-eabi/9.3.1/../../../../arm-none-eabi/lib/thumb/v7-m/nofp\libc_nano.a(lib_a-utoa.o)
                              c:/st/stm32cubeide_1.8.0/stm32cubeide/plugins/com.st.stm32cube.ide.mcu.externaltools.gnu-tools-for-stm32.9-2020-q2-update.win32_2.0.0.202105311346/tools/bin/../lib/gcc/arm-none-eabi/9.3.1/../../../../arm-none-eabi/lib/thumb/v7-m/nofp\libc_nano.a(lib_a-itoa.o) (__utoa)
[...]
Memory Configuration

Name             Origin             Length             Attributes
RAM              0x0000000020000000 0x0000000000005000 xrw
FLASH            0x0000000008000000 0x0000000000010000 xr
*default*        0x0000000000000000 0xffffffffffffffff

Linker script and memory map

LOAD c:/st/stm32cubeide_1.8.0/stm32cubeide/plugins/com.st.stm32cube.ide.mcu.externaltools.gnu-tools-for-stm32.9-2020-q2-update.win32_2.0.0.202105311346/tools/bin/../lib/gcc/arm-none-eabi/9.3.1/thumb/v7-m/nofp/crti.o
LOAD c:/st/stm32cubeide_1.8.0/stm32cubeide/plugins/com.st.stm32cube.ide.mcu.externaltools.gnu-tools-for-stm32.9-2020-q2-update.win32_2.0.0.202105311346/tools/bin/../lib/gcc/arm-none-eabi/9.3.1/thumb/v7-m/nofp/crtbegin.o
LOAD c:/st/stm32cubeide_1.8.0/stm32cubeide/plugins/com.st.stm32cube.ide.mcu.externaltools.gnu-tools-for-stm32.9-2020-q2-update.win32_2.0.0.202105311346/tools/bin/../lib/gcc/arm-none-eabi/9.3.1/../../../../arm-none-eabi/lib/thumb/v7-m/nofp/crt0.o
LOAD ./Core/Src/fonts.o
LOAD ./Core/Src/main.o
LOAD ./Core/Src/ssd1306.o
LOAD ./Core/Src/stm32f1xx_hal_msp.o
LOAD ./Core/Src/stm32f1xx_it.o
LOAD ./Core/Src/syscalls.o
LOAD ./Core/Src/sysmem.o
LOAD ./Core/Src/system_stm32f1xx.o
LOAD ./Core/Src/test.o
LOAD ./Core/Startup/startup_stm32f103c8tx.o
LOAD ./Drivers/STM32F1xx_HAL_Driver/Src/stm32f1xx_hal.o
LOAD ./Drivers/STM32F1xx_HAL_Driver/Src/stm32f1xx_hal_adc.o
LOAD ./Drivers/STM32F1xx_HAL_Driver/Src/stm32f1xx_hal_adc_ex.o
LOAD ./Drivers/STM32F1xx_HAL_Driver/Src/stm32f1xx_hal_cortex.o
LOAD ./Drivers/STM32F1xx_HAL_Driver/Src/stm32f1xx_hal_dma.o
LOAD ./Drivers/STM32F1xx_HAL_Driver/Src/stm32f1xx_hal_exti.o
LOAD ./Drivers/STM32F1xx_HAL_Driver/Src/stm32f1xx_hal_flash.o
LOAD ./Drivers/STM32F1xx_HAL_Driver/Src/stm32f1xx_hal_flash_ex.o
LOAD ./Drivers/STM32F1xx_HAL_Driver/Src/stm32f1xx_hal_gpio.o
LOAD ./Drivers/STM32F1xx_HAL_Driver/Src/stm32f1xx_hal_gpio_ex.o
LOAD ./Drivers/STM32F1xx_HAL_Driver/Src/stm32f1xx_hal_i2c.o
LOAD ./Drivers/STM32F1xx_HAL_Driver/Src/stm32f1xx_hal_pcd.o
LOAD ./Drivers/STM32F1xx_HAL_Driver/Src/stm32f1xx_hal_pcd_ex.o
LOAD ./Drivers/STM32F1xx_HAL_Driver/Src/stm32f1xx_hal_pwr.o
LOAD ./Drivers/STM32F1xx_HAL_Driver/Src/stm32f1xx_hal_rcc.o
LOAD ./Drivers/STM32F1xx_HAL_Driver/Src/stm32f1xx_hal_rcc_ex.o
LOAD ./Drivers/STM32F1xx_HAL_Driver/Src/stm32f1xx_hal_tim.o
LOAD ./Drivers/STM32F1xx_HAL_Driver/Src/stm32f1xx_hal_tim_ex.o
LOAD ./Drivers/STM32F1xx_HAL_Driver/Src/stm32f1xx_ll_usb.o
LOAD ./Middlewares/ST/STM32_USB_Device_Library/Class/CDC/Src/usbd_cdc.o
LOAD ./Middlewares/ST/STM32_USB_Device_Library/Core/Src/usbd_core.o
LOAD ./Middlewares/ST/STM32_USB_Device_Library/Core/Src/usbd_ctlreq.o
LOAD ./Middlewares/ST/STM32_USB_Device_Library/Core/Src/usbd_ioreq.o
LOAD ./USB_DEVICE/App/usb_device.o
LOAD ./USB_DEVICE/App/usbd_cdc_if.o
LOAD ./USB_DEVICE/App/usbd_desc.o
LOAD ./USB_DEVICE/Target/usbd_conf.o
START GROUP
LOAD c:/st/stm32cubeide_1.8.0/stm32cubeide/plugins/com.st.stm32cube.ide.mcu.externaltools.gnu-tools-for-stm32.9-2020-q2-update.win32_2.0.0.202105311346/tools/bin/../lib/gcc/arm-none-eabi/9.3.1/../../../../arm-none-eabi/lib/thumb/v7-m/nofp\libc_nano.a
LOAD c:/st/stm32cubeide_1.8.0/stm32cubeide/plugins/com.st.stm32cube.ide.mcu.externaltools.gnu-tools-for-stm32.9-2020-q2-update.win32_2.0.0.202105311346/tools/bin/../lib/gcc/arm-none-eabi/9.3.1/../../../../arm-none-eabi/lib/thumb/v7-m/nofp\libm.a
END GROUP
START GROUP
LOAD c:/st/stm32cubeide_1.8.0/stm32cubeide/plugins/com.st.stm32cube.ide.mcu.externaltools.gnu-tools-for-stm32.9-2020-q2-update.win32_2.0.0.202105311346/tools/bin/../lib/gcc/arm-none-eabi/9.3.1/thumb/v7-m/nofp\libgcc.a
LOAD c:/st/stm32cubeide_1.8.0/stm32cubeide/plugins/com.st.stm32cube.ide.mcu.externaltools.gnu-tools-for-stm32.9-2020-q2-update.win32_2.0.0.202105311346/tools/bin/../lib/gcc/arm-none-eabi/9.3.1/../../../../arm-none-eabi/lib/thumb/v7-m/nofp\libc_nano.a
END GROUP
START GROUP
LOAD c:/st/stm32cubeide_1.8.0/stm32cubeide/plugins/com.st.stm32cube.ide.mcu.externaltools.gnu-tools-for-stm32.9-2020-q2-update.win32_2.0.0.202105311346/tools/bin/../lib/gcc/arm-none-eabi/9.3.1/thumb/v7-m/nofp\libgcc.a
LOAD c:/st/stm32cubeide_1.8.0/stm32cubeide/plugins/com.st.stm32cube.ide.mcu.externaltools.gnu-tools-for-stm32.9-2020-q2-update.win32_2.0.0.202105311346/tools/bin/../lib/gcc/arm-none-eabi/9.3.1/../../../../arm-none-eabi/lib/thumb/v7-m/nofp\libc_nano.a
LOAD c:/st/stm32cubeide_1.8.0/stm32cubeide/plugins/com.st.stm32cube.ide.mcu.externaltools.gnu-tools-for-stm32.9-2020-q2-update.win32_2.0.0.202105311346/tools/bin/../lib/gcc/arm-none-eabi/9.3.1/../../../../arm-none-eabi/lib/thumb/v7-m/nofp\libnosys.a
END GROUP
START GROUP
LOAD c:/st/stm32cubeide_1.8.0/stm32cubeide/plugins/com.st.stm32cube.ide.mcu.externaltools.gnu-tools-for-stm32.9-2020-q2-update.win32_2.0.0.202105311346/tools/bin/../lib/gcc/arm-none-eabi/9.3.1/thumb/v7-m/nofp\libgcc.a
LOAD c:/st/stm32cubeide_1.8.0/stm32cubeide/plugins/com.st.stm32cube.ide.mcu.externaltools.gnu-tools-for-stm32.9-2020-q2-update.win32_2.0.0.202105311346/tools/bin/../lib/gcc/arm-none-eabi/9.3.1/../../../../arm-none-eabi/lib/thumb/v7-m/nofp\libc_nano.a
LOAD c:/st/stm32cubeide_1.8.0/stm32cubeide/plugins/com.st.stm32cube.ide.mcu.externaltools.gnu-tools-for-stm32.9-2020-q2-update.win32_2.0.0.202105311346/tools/bin/../lib/gcc/arm-none-eabi/9.3.1/../../../../arm-none-eabi/lib/thumb/v7-m/nofp\libnosys.a
END GROUP
LOAD c:/st/stm32cubeide_1.8.0/stm32cubeide/plugins/com.st.stm32cube.ide.mcu.externaltools.gnu-tools-for-stm32.9-2020-q2-update.win32_2.0.0.202105311346/tools/bin/../lib/gcc/arm-none-eabi/9.3.1/thumb/v7-m/nofp/crtend.o
LOAD c:/st/stm32cubeide_1.8.0/stm32cubeide/plugins/com.st.stm32cube.ide.mcu.externaltools.gnu-tools-for-stm32.9-2020-q2-update.win32_2.0.0.202105311346/tools/bin/../lib/gcc/arm-none-eabi/9.3.1/thumb/v7-m/nofp/crtn.o
                0x0000000020005000                _estack = (ORIGIN (RAM) + LENGTH (RAM))
                0x0000000000000200                _Min_Heap_Size = 0x200
                0x0000000000000400                _Min_Stack_Size = 0x400

.isr_vector     0x0000000008000000      0x10c
                0x0000000008000000                . = ALIGN (0x4)
 *(.isr_vector)
 .isr_vector    0x0000000008000000      0x10c ./Core/Startup/startup_stm32f103c8tx.o
                0x0000000008000000                g_pfnVectors
                0x000000000800010c                . = ALIGN (0x4)

.text           0x0000000008000110     0xd9b0
                0x0000000008000110                . = ALIGN (0x4)
 *(.text)
 .text          0x0000000008000110       0x40 c:/st/stm32cubeide_1.8.0/stm32cubeide/plugins/com.st.stm32cube.ide.mcu.externaltools.gnu-tools-for-stm32.9-2020-q2-update.win32_2.0.0.202105311346/tools/bin/../lib/gcc/arm-none-eabi/9.3.1/thumb/v7-m/nofp/crtbegin.o
 .text          0x0000000008000150      0x378 c:/st/stm32cubeide_1.8.0/stm32cubeide/plugins/com.st.stm32cube.ide.mcu.externaltools.gnu-tools-for-stm32.9-2020-q2-update.win32_2.0.0.202105311346/tools/bin/../lib/gcc/arm-none-eabi/9.3.1/thumb/v7-m/nofp\libgcc.a(_arm_addsubdf3.o)
                0x0000000008000150                __aeabi_drsub
                0x0000000008000158                __aeabi_dsub
                0x0000000008000158                __subdf3
                0x000000000800015c                __aeabi_dadd
                0x000000000800015c                __adddf3
                0x00000000080003d4                __floatunsidf
                0x00000000080003d4                __aeabi_ui2d
                0x00000000080003f4                __floatsidf
                0x00000000080003f4                __aeabi_i2d
                0x0000000008000418                __aeabi_f2d
                0x0000000008000418                __extendsfdf2
                0x000000000800045c                __floatundidf
                0x000000000800045c                __aeabi_ul2d
                0x000000000800046c                __floatdidf
                0x000000000800046c                __aeabi_l2d
 .text          0x00000000080004c8      0x424 c:/st/stm32cubeide_1.8.0/stm32cubeide/plugins/com.st.stm32cube.ide.mcu.externaltools.gnu-tools-for-stm32.9-2020-q2-update.win32_2.0.0.202105311346/tools/bin/../lib/gcc/arm-none-eabi/9.3.1/thumb/v7-m/nofp\libgcc.a(_arm_muldivdf3.o)
                0x00000000080004c8                __aeabi_dmul
                0x00000000080004c8                __muldf3
                0x000000000800071c                __divdf3
                0x000000000800071c                __aeabi_ddiv
 .text          0x00000000080008ec      0x110 c:/st/stm32cubeide_1.8.0/stm32cubeide/plugins/com.st.stm32cube.ide.mcu.externaltools.gnu-tools-for-stm32.9-2020-q2-update.win32_2.0.0.202105311346/tools/bin/../lib/gcc/arm-none-eabi/9.3.1/thumb/v7-m/nofp\libgcc.a(_arm_cmpdf2.o)
                0x00000000080008ec                __gtdf2
                0x00000000080008ec                __gedf2
                0x00000000080008f4                __ltdf2
                0x00000000080008f4                __ledf2
                0x00000000080008fc                __nedf2
                0x00000000080008fc                __eqdf2
                0x00000000080008fc                __cmpdf2
                0x0000000008000978                __aeabi_cdrcmple
                0x0000000008000988                __aeabi_cdcmpeq
                0x0000000008000988                __aeabi_cdcmple
                0x0000000008000998                __aeabi_dcmpeq
                0x00000000080009ac                __aeabi_dcmplt
                0x00000000080009c0                __aeabi_dcmple
                0x00000000080009d4                __aeabi_dcmpge
                0x00000000080009e8                __aeabi_dcmpgt
 .text          0x00000000080009fc       0x2c c:/st/stm32cubeide_1.8.0/stm32cubeide/plugins/com.st.stm32cube.ide.mcu.externaltools.gnu-tools-for-stm32.9-2020-q2-update.win32_2.0.0.202105311346/tools/bin/../lib/gcc/arm-none-eabi/9.3.1/thumb/v7-m/nofp\libgcc.a(_arm_unorddf2.o)
                0x00000000080009fc                __unorddf2
                0x00000000080009fc                __aeabi_dcmpun
 .text          0x0000000008000a28       0xa0 c:/st/stm32cubeide_1.8.0/stm32cubeide/plugins/com.st.stm32cube.ide.mcu.externaltools.gnu-tools-for-stm32.9-2020-q2-update.win32_2.0.0.202105311346/tools/bin/../lib/gcc/arm-none-eabi/9.3.1/thumb/v7-m/nofp\libgcc.a(_arm_truncdfsf2.o)
                0x0000000008000a28                __truncdfsf2
                0x0000000008000a28                __aeabi_d2f
 .text          0x0000000008000ac8      0x21c c:/st/stm32cubeide_1.8.0/stm32cubeide/plugins/com.st.stm32cube.ide.mcu.externaltools.gnu-tools-for-stm32.9-2020-q2-update.win32_2.0.0.202105311346/tools/bin/../lib/gcc/arm-none-eabi/9.3.1/thumb/v7-m/nofp\libgcc.a(_arm_addsubsf3.o)
                0x0000000008000ac8                __aeabi_frsub
                0x0000000008000ad0                __subsf3
                0x0000000008000ad0                __aeabi_fsub
                0x0000000008000ad4                __aeabi_fadd
                0x0000000008000ad4                __addsf3
                0x0000000008000c34                __aeabi_ui2f
                0x0000000008000c34                __floatunsisf
                0x0000000008000c3c                __aeabi_i2f
                0x0000000008000c3c                __floatsisf
                0x0000000008000c58                __aeabi_ul2f
                0x0000000008000c58                __floatundisf
                0x0000000008000c68                __aeabi_l2f
                0x0000000008000c68                __floatdisf
 .text          0x0000000008000ce4      0x2a0 c:/st/stm32cubeide_1.8.0/stm32cubeide/plugins/com.st.stm32cube.ide.mcu.externaltools.gnu-tools-for-stm32.9-2020-q2-update.win32_2.0.0.202105311346/tools/bin/../lib/gcc/arm-none-eabi/9.3.1/thumb/v7-m/nofp\libgcc.a(_arm_muldivsf3.o)
                0x0000000008000ce4                __mulsf3
                0x0000000008000ce4                __aeabi_fmul
                0x0000000008000e4c                __aeabi_fdiv
                0x0000000008000e4c                __divsf3
 .text          0x0000000008000f84       0xec c:/st/stm32cubeide_1.8.0/stm32cubeide/plugins/com.st.stm32cube.ide.mcu.externaltools.gnu-tools-for-stm32.9-2020-q2-update.win32_2.0.0.202105311346/tools/bin/../lib/gcc/arm-none-eabi/9.3.1/thumb/v7-m/nofp\libgcc.a(_arm_cmpsf2.o)
                0x0000000008000f84                __gesf2
                0x0000000008000f84                __gtsf2
                0x0000000008000f8c                __lesf2
                0x0000000008000f8c                __ltsf2
                0x0000000008000f94                __nesf2
                0x0000000008000f94                __eqsf2
                0x0000000008000f94                __cmpsf2
                0x0000000008000ff4                __aeabi_cfrcmple
                0x0000000008000ffc                __aeabi_cfcmpeq
                0x0000000008000ffc                __aeabi_cfcmple
                0x000000000800100c                __aeabi_fcmpeq
                0x0000000008001020                __aeabi_fcmplt
                0x0000000008001034                __aeabi_fcmple
                0x0000000008001048                __aeabi_fcmpge
                0x000000000800105c                __aeabi_fcmpgt
 .text          0x0000000008001070       0x40 c:/st/stm32cubeide_1.8.0/stm32cubeide/plugins/com.st.stm32cube.ide.mcu.externaltools.gnu-tools-for-stm32.9-2020-q2-update.win32_2.0.0.202105311346/tools/bin/../lib/gcc/arm-none-eabi/9.3.1/thumb/v7-m/nofp\libgcc.a(_arm_fixunssfsi.o)
                0x0000000008001070                __fixunssfsi
                0x0000000008001070                __aeabi_f2uiz
 *(.text*)
 .text.start    0x00000000080010b0       0x50 ./Core/Src/main.o
                0x00000000080010b0                start
 .text.read_ser
                0x0000000008001100       0xc8 ./Core/Src/main.o
                0x0000000008001100                read_ser
 .text.create_mess
                0x00000000080011c8      0x2fc ./Core/Src/main.o
                0x00000000080011c8                create_mess
 .text.error    0x00000000080014c4      0x230 ./Core/Src/main.o
                0x00000000080014c4                error
 .text.readbuttons
                0x00000000080016f4      0x218 ./Core/Src/main.o
                0x00000000080016f4                readbuttons
 .text.trimm    0x000000000800190c       0xb8 ./Core/Src/main.o
                0x000000000800190c                trimm
 *fill*         0x00000000080019c4        0x4 
 .text.ADCtoVoltage
                0x00000000080019c8       0x84 ./Core/Src/main.o
                0x00000000080019c8                ADCtoVoltage
 *fill*         0x0000000008001a4c        0x4 
 .text.Voltagetoteperatur
                0x0000000008001a50       0xc0 ./Core/Src/main.o
                0x0000000008001a50                Voltagetoteperatur
 .text.drawlogoC
                0x0000000008001b10      0x1f8 ./Core/Src/main.o
                0x0000000008001b10                drawlogoC
 .text.drawmenu1
                0x0000000008001d08      0x43c ./Core/Src/main.o
                0x0000000008001d08                drawmenu1
 .text.drawmenu2
                0x0000000008002144      0x138 ./Core/Src/main.o
                0x0000000008002144                drawmenu2
 .text.drawmenu3
                0x000000000800227c       0xd4 ./Core/Src/main.o
                0x000000000800227c                drawmenu3
 .text.ventilator
                0x0000000008002350      0x10c ./Core/Src/main.o
                0x0000000008002350                ventilator
 .text.setDAC1  0x000000000800245c       0x40 ./Core/Src/main.o
                0x000000000800245c                setDAC1
 .text.setDAC2  0x000000000800249c       0x40 ./Core/Src/main.o
                0x000000000800249c                setDAC2
 *fill*         0x00000000080024dc        0x4 
 .text.setVout  0x00000000080024e0      0x134 ./Core/Src/main.o
                0x00000000080024e0                setVout
 .text.setIout  0x0000000008002614       0x44 ./Core/Src/main.o
                0x0000000008002614                setIout
 .text.HAL_GPIO_EXTI_Callback
                0x0000000008002658      0x374 ./Core/Src/main.o
                0x0000000008002658                HAL_GPIO_EXTI_Callback
 *fill*         0x00000000080029cc        0x4 
 .text.main     0x00000000080029d0      0x5d4 ./Core/Src/main.o
                0x00000000080029d0                main
 .text.SystemClock_Config
                0x0000000008002fa4       0xbc ./Core/Src/main.o
                0x0000000008002fa4                SystemClock_Config
 .text.MX_ADC1_Init
                0x0000000008003060       0xd4 ./Core/Src/main.o
 .text.MX_I2C1_Init
                0x0000000008003134       0x5c ./Core/Src/main.o
 .text.MX_I2C2_Init
                0x0000000008003190       0x5c ./Core/Src/main.o
 .text.MX_TIM2_Init
                0x00000000080031ec       0xb0 ./Core/Src/main.o
 .text.MX_DMA_Init
                0x000000000800329c       0x3c ./Core/Src/main.o
 .text.MX_GPIO_Init
                0x00000000080032d8      0x120 ./Core/Src/main.o
 .text.Error_Handler
                0x00000000080033f8        0xa ./Core/Src/main.o
                0x00000000080033f8                Error_Handler
 *fill*         0x0000000008003402        0x2 
 .text.SSD1306_Init
                0x0000000008003404      0x188 ./Core/Src/ssd1306.o
                0x0000000008003404                SSD1306_Init
 .text.SSD1306_UpdateScreen
                0x000000000800358c       0x5c ./Core/Src/ssd1306.o
                0x000000000800358c                SSD1306_UpdateScreen
 .text.SSD1306_Fill
                0x00000000080035e8       0x30 ./Core/Src/ssd1306.o
                0x00000000080035e8                SSD1306_Fill
 .text.SSD1306_DrawPixel
                0x0000000008003618       0xbc ./Core/Src/ssd1306.o
                0x0000000008003618                SSD1306_DrawPixel
 .text.SSD1306_GotoXY
                0x00000000080036d4       0x2c ./Core/Src/ssd1306.o
                0x00000000080036d4                SSD1306_GotoXY
 .text.SSD1306_Putc
                0x0000000008003700      0x100 ./Core/Src/ssd1306.o
                0x0000000008003700                SSD1306_Putc
 .text.SSD1306_Puts
                0x0000000008003800       0x4a ./Core/Src/ssd1306.o
                0x0000000008003800                SSD1306_Puts
 .text.SSD1306_DrawLine
                0x000000000800384a      0x1f6 ./Core/Src/ssd1306.o
                0x000000000800384a                SSD1306_DrawLine
 .text.SSD1306_Clear
                0x0000000008003a40        0xe ./Core/Src/ssd1306.o
                0x0000000008003a40                SSD1306_Clear
 *fill*         0x0000000008003a4e        0x2 
 .text.ssd1306_I2C_Init
                0x0000000008003a50       0x28 ./Core/Src/ssd1306.o
                0x0000000008003a50                ssd1306_I2C_Init
 .text.ssd1306_I2C_WriteMulti
                0x0000000008003a78       0x90 ./Core/Src/ssd1306.o
                0x0000000008003a78                ssd1306_I2C_WriteMulti
 .text.ssd1306_I2C_Write
                0x0000000008003b08       0x3c ./Core/Src/ssd1306.o
                0x0000000008003b08                ssd1306_I2C_Write
 .text.HAL_MspInit
                0x0000000008003b44       0x64 ./Core/Src/stm32f1xx_hal_msp.o
                0x0000000008003b44                HAL_MspInit
 .text.HAL_ADC_MspInit
                0x0000000008003ba8       0xd0 ./Core/Src/stm32f1xx_hal_msp.o
                0x0000000008003ba8                HAL_ADC_MspInit
 .text.HAL_I2C_MspInit
                0x0000000008003c78       0xf8 ./Core/Src/stm32f1xx_hal_msp.o
                0x0000000008003c78                HAL_I2C_MspInit
 .text.HAL_TIM_PWM_MspInit
                0x0000000008003d70       0x38 ./Core/Src/stm32f1xx_hal_msp.o
                0x0000000008003d70                HAL_TIM_PWM_MspInit
 .text.HAL_TIM_MspPostInit
                0x0000000008003da8       0x8c ./Core/Src/stm32f1xx_hal_msp.o
                0x0000000008003da8                HAL_TIM_MspPostInit
 .text.NMI_Handler
                0x0000000008003e34        0x6 ./Core/Src/stm32f1xx_it.o
                0x0000000008003e34                NMI_Handler
 .text.HardFault_Handler
                0x0000000008003e3a        0x6 ./Core/Src/stm32f1xx_it.o
                0x0000000008003e3a                HardFault_Handler
 .text.MemManage_Handler
                0x0000000008003e40        0x6 ./Core/Src/stm32f1xx_it.o
                0x0000000008003e40                MemManage_Handler
 .text.BusFault_Handler
                0x0000000008003e46        0x6 ./Core/Src/stm32f1xx_it.o
                0x0000000008003e46                BusFault_Handler
 .text.UsageFault_Handler
                0x0000000008003e4c        0x6 ./Core/Src/stm32f1xx_it.o
                0x0000000008003e4c                UsageFault_Handler
 .text.SVC_Handler
                0x0000000008003e52        0xc ./Core/Src/stm32f1xx_it.o
                0x0000000008003e52                SVC_Handler
 .text.DebugMon_Handler
                0x0000000008003e5e        0xc ./Core/Src/stm32f1xx_it.o
                0x0000000008003e5e                DebugMon_Handler
 .text.PendSV_Handler
                0x0000000008003e6a        0xc ./Core/Src/stm32f1xx_it.o
                0x0000000008003e6a                PendSV_Handler
 .text.SysTick_Handler
                0x0000000008003e76        0xc ./Core/Src/stm32f1xx_it.o
                0x0000000008003e76                SysTick_Handler
 .text.EXTI0_IRQHandler
                0x0000000008003e82        0xe ./Core/Src/stm32f1xx_it.o
                0x0000000008003e82                EXTI0_IRQHandler
 .text.DMA1_Channel1_IRQHandler
                0x0000000008003e90       0x14 ./Core/Src/stm32f1xx_it.o
                0x0000000008003e90                DMA1_Channel1_IRQHandler
 .text.USB_LP_CAN1_RX0_IRQHandler
                0x0000000008003ea4       0x14 ./Core/Src/stm32f1xx_it.o
                0x0000000008003ea4                USB_LP_CAN1_RX0_IRQHandler
 .text.I2C1_ER_IRQHandler
                0x0000000008003eb8       0x14 ./Core/Src/stm32f1xx_it.o
                0x0000000008003eb8                I2C1_ER_IRQHandler
 .text.I2C2_ER_IRQHandler
                0x0000000008003ecc       0x14 ./Core/Src/stm32f1xx_it.o
                0x0000000008003ecc                I2C2_ER_IRQHandler
 .text.SystemInit
                0x0000000008003ee0        0xc ./Core/Src/system_stm32f1xx.o
                0x0000000008003ee0                SystemInit
 .text.Reset_Handler
                0x0000000008003eec       0x48 ./Core/Startup/startup_stm32f103c8tx.o
                0x0000000008003eec                Reset_Handler
 .text.Default_Handler
                0x0000000008003f34        0x2 ./Core/Startup/startup_stm32f103c8tx.o
                0x0000000008003f34                RTC_Alarm_IRQHandler
                0x0000000008003f34                EXTI2_IRQHandler
                0x0000000008003f34                TIM1_CC_IRQHandler
                0x0000000008003f34                PVD_IRQHandler
                0x0000000008003f34                EXTI3_IRQHandler
                0x0000000008003f34                I2C2_EV_IRQHandler
                0x0000000008003f34                ADC1_2_IRQHandler
                0x0000000008003f34                SPI1_IRQHandler
                0x0000000008003f34                TAMPER_IRQHandler
                0x0000000008003f34                DMA1_Channel4_IRQHandler
                0x0000000008003f34                USART3_IRQHandler
                0x0000000008003f34                RTC_IRQHandler
                0x0000000008003f34                DMA1_Channel7_IRQHandler
                0x0000000008003f34                CAN1_RX1_IRQHandler
                0x0000000008003f34                TIM4_IRQHandler
                0x0000000008003f34                I2C1_EV_IRQHandler
                0x0000000008003f34                DMA1_Channel6_IRQHandler
                0x0000000008003f34                TIM3_IRQHandler
                0x0000000008003f34                RCC_IRQHandler
                0x0000000008003f34                TIM1_TRG_COM_IRQHandler
                0x0000000008003f34                Default_Handler
                0x0000000008003f34                EXTI15_10_IRQHandler
                0x0000000008003f34                EXTI9_5_IRQHandler
                0x0000000008003f34                SPI2_IRQHandler
                0x0000000008003f34                DMA1_Channel5_IRQHandler
                0x0000000008003f34                EXTI4_IRQHandler
                0x0000000008003f34                USB_HP_CAN1_TX_IRQHandler
                0x0000000008003f34                DMA1_Channel3_IRQHandler
                0x0000000008003f34                TIM1_UP_IRQHandler
                0x0000000008003f34                WWDG_IRQHandler
                0x0000000008003f34                TIM2_IRQHandler
                0x0000000008003f34                TIM1_BRK_IRQHandler
                0x0000000008003f34                EXTI1_IRQHandler
                0x0000000008003f34                USART2_IRQHandler
                0x0000000008003f34                DMA1_Channel2_IRQHandler
                0x0000000008003f34                CAN1_SCE_IRQHandler
                0x0000000008003f34                FLASH_IRQHandler
                0x0000000008003f34                USART1_IRQHandler
                0x0000000008003f34                USBWakeUp_IRQHandler
 *fill*         0x0000000008003f36        0x2 
 .text.HAL_Init
                0x0000000008003f38       0x2c ./Drivers/STM32F1xx_HAL_Driver/Src/stm32f1xx_hal.o
                0x0000000008003f38                HAL_Init
 .text.HAL_InitTick
                0x0000000008003f64       0x60 ./Drivers/STM32F1xx_HAL_Driver/Src/stm32f1xx_hal.o
                0x0000000008003f64                HAL_InitTick
 .text.HAL_IncTick
                0x0000000008003fc4       0x24 ./Drivers/STM32F1xx_HAL_Driver/Src/stm32f1xx_hal.o
                0x0000000008003fc4                HAL_IncTick
 .text.HAL_GetTick
                0x0000000008003fe8       0x14 ./Drivers/STM32F1xx_HAL_Driver/Src/stm32f1xx_hal.o
                0x0000000008003fe8                HAL_GetTick
 .text.HAL_Delay
                0x0000000008003ffc       0x48 ./Drivers/STM32F1xx_HAL_Driver/Src/stm32f1xx_hal.o
                0x0000000008003ffc                HAL_Delay
 .text.HAL_ADC_Init
                0x0000000008004044      0x1b0 ./Drivers/STM32F1xx_HAL_Driver/Src/stm32f1xx_hal_adc.o
                0x0000000008004044                HAL_ADC_Init
 .text.HAL_ADC_Start_DMA
                0x00000000080041f4      0x1bc ./Drivers/STM32F1xx_HAL_Driver/Src/stm32f1xx_hal_adc.o
                0x00000000080041f4                HAL_ADC_Start_DMA
 .text.HAL_ADC_ConvCpltCallback
                0x00000000080043b0       0x12 ./Drivers/STM32F1xx_HAL_Driver/Src/stm32f1xx_hal_adc.o
                0x00000000080043b0                HAL_ADC_ConvCpltCallback
 .text.HAL_ADC_ConvHalfCpltCallback
                0x00000000080043c2       0x12 ./Drivers/STM32F1xx_HAL_Driver/Src/stm32f1xx_hal_adc.o
                0x00000000080043c2                HAL_ADC_ConvHalfCpltCallback
 .text.HAL_ADC_ErrorCallback
                0x00000000080043d4       0x12 ./Drivers/STM32F1xx_HAL_Driver/Src/stm32f1xx_hal_adc.o
                0x00000000080043d4                HAL_ADC_ErrorCallback
 *fill*         0x00000000080043e6        0x2 
 .text.HAL_ADC_ConfigChannel
                0x00000000080043e8      0x1f0 ./Drivers/STM32F1xx_HAL_Driver/Src/stm32f1xx_hal_adc.o
                0x00000000080043e8                HAL_ADC_ConfigChannel
 .text.ADC_Enable
                0x00000000080045d8       0xb4 ./Drivers/STM32F1xx_HAL_Driver/Src/stm32f1xx_hal_adc.o
                0x00000000080045d8                ADC_Enable
 .text.ADC_ConversionStop_Disable
                0x000000000800468c       0x82 ./Drivers/STM32F1xx_HAL_Driver/Src/stm32f1xx_hal_adc.o
                0x000000000800468c                ADC_ConversionStop_Disable
 .text.ADC_DMAConvCplt
                0x000000000800470e       0x7c ./Drivers/STM32F1xx_HAL_Driver/Src/stm32f1xx_hal_adc.o
                0x000000000800470e                ADC_DMAConvCplt
 .text.ADC_DMAHalfConvCplt
                0x000000000800478a       0x1c ./Drivers/STM32F1xx_HAL_Driver/Src/stm32f1xx_hal_adc.o
                0x000000000800478a                ADC_DMAHalfConvCplt
 .text.ADC_DMAError
                0x00000000080047a6       0x34 ./Drivers/STM32F1xx_HAL_Driver/Src/stm32f1xx_hal_adc.o
                0x00000000080047a6                ADC_DMAError
 *fill*         0x00000000080047da        0x2 
 .text.__NVIC_SetPriorityGrouping
                0x00000000080047dc       0x48 ./Drivers/STM32F1xx_HAL_Driver/Src/stm32f1xx_hal_cortex.o
 .text.__NVIC_GetPriorityGrouping
                0x0000000008004824       0x1c ./Drivers/STM32F1xx_HAL_Driver/Src/stm32f1xx_hal_cortex.o
 .text.__NVIC_EnableIRQ
                0x0000000008004840       0x38 ./Drivers/STM32F1xx_HAL_Driver/Src/stm32f1xx_hal_cortex.o
 .text.__NVIC_SetPriority
                0x0000000008004878       0x54 ./Drivers/STM32F1xx_HAL_Driver/Src/stm32f1xx_hal_cortex.o
 .text.NVIC_EncodePriority
                0x00000000080048cc       0x64 ./Drivers/STM32F1xx_HAL_Driver/Src/stm32f1xx_hal_cortex.o
 .text.SysTick_Config
                0x0000000008004930       0x44 ./Drivers/STM32F1xx_HAL_Driver/Src/stm32f1xx_hal_cortex.o
 .text.HAL_NVIC_SetPriorityGrouping
                0x0000000008004974       0x16 ./Drivers/STM32F1xx_HAL_Driver/Src/stm32f1xx_hal_cortex.o
                0x0000000008004974                HAL_NVIC_SetPriorityGrouping
 .text.HAL_NVIC_SetPriority
                0x000000000800498a       0x38 ./Drivers/STM32F1xx_HAL_Driver/Src/stm32f1xx_hal_cortex.o
                0x000000000800498a                HAL_NVIC_SetPriority
 .text.HAL_NVIC_EnableIRQ
                0x00000000080049c2       0x1c ./Drivers/STM32F1xx_HAL_Driver/Src/stm32f1xx_hal_cortex.o
                0x00000000080049c2                HAL_NVIC_EnableIRQ
 .text.HAL_SYSTICK_Config
                0x00000000080049de       0x18 ./Drivers/STM32F1xx_HAL_Driver/Src/stm32f1xx_hal_cortex.o
                0x00000000080049de                HAL_SYSTICK_Config
 *fill*         0x00000000080049f6        0x2 
 .text.HAL_DMA_Init
                0x00000000080049f8       0xb4 ./Drivers/STM32F1xx_HAL_Driver/Src/stm32f1xx_hal_dma.o
                0x00000000080049f8                HAL_DMA_Init
 .text.HAL_DMA_Start_IT
                0x0000000008004aac       0xbe ./Drivers/STM32F1xx_HAL_Driver/Src/stm32f1xx_hal_dma.o
                0x0000000008004aac                HAL_DMA_Start_IT
 *fill*         0x0000000008004b6a        0x2 
 .text.HAL_DMA_Abort_IT
                0x0000000008004b6c       0xec ./Drivers/STM32F1xx_HAL_Driver/Src/stm32f1xx_hal_dma.o
                0x0000000008004b6c                HAL_DMA_Abort_IT
 .text.HAL_DMA_IRQHandler
                0x0000000008004c58      0x20c ./Drivers/STM32F1xx_HAL_Driver/Src/stm32f1xx_hal_dma.o
                0x0000000008004c58                HAL_DMA_IRQHandler
 .text.DMA_SetConfig
                0x0000000008004e64       0x5a ./Drivers/STM32F1xx_HAL_Driver/Src/stm32f1xx_hal_dma.o
 *fill*         0x0000000008004ebe        0x2 
 .text.HAL_GPIO_Init
                0x0000000008004ec0      0x308 ./Drivers/STM32F1xx_HAL_Driver/Src/stm32f1xx_hal_gpio.o
                0x0000000008004ec0                HAL_GPIO_Init
 .text.HAL_GPIO_ReadPin
                0x00000000080051c8       0x2e ./Drivers/STM32F1xx_HAL_Driver/Src/stm32f1xx_hal_gpio.o
                0x00000000080051c8                HAL_GPIO_ReadPin
 .text.HAL_GPIO_WritePin
                0x00000000080051f6       0x30 ./Drivers/STM32F1xx_HAL_Driver/Src/stm32f1xx_hal_gpio.o
                0x00000000080051f6                HAL_GPIO_WritePin
 .text.HAL_GPIO_TogglePin
                0x0000000008005226       0x32 ./Drivers/STM32F1xx_HAL_Driver/Src/stm32f1xx_hal_gpio.o
                0x0000000008005226                HAL_GPIO_TogglePin
 .text.HAL_GPIO_EXTI_IRQHandler
                0x0000000008005258       0x30 ./Drivers/STM32F1xx_HAL_Driver/Src/stm32f1xx_hal_gpio.o
                0x0000000008005258                HAL_GPIO_EXTI_IRQHandler
 .text.HAL_I2C_Init
                0x0000000008005288      0x288 ./Drivers/STM32F1xx_HAL_Driver/Src/stm32f1xx_hal_i2c.o
                0x0000000008005288                HAL_I2C_Init
 .text.HAL_I2C_Master_Transmit
                0x0000000008005510      0x1fc ./Drivers/STM32F1xx_HAL_Driver/Src/stm32f1xx_hal_i2c.o
                0x0000000008005510                HAL_I2C_Master_Transmit
 .text.HAL_I2C_IsDeviceReady
                0x000000000800570c      0x25c ./Drivers/STM32F1xx_HAL_Driver/Src/stm32f1xx_hal_i2c.o
                0x000000000800570c                HAL_I2C_IsDeviceReady
 .text.HAL_I2C_ER_IRQHandler
                0x0000000008005968      0x15e ./Drivers/STM32F1xx_HAL_Driver/Src/stm32f1xx_hal_i2c.o
                0x0000000008005968                HAL_I2C_ER_IRQHandler
 .text.HAL_I2C_SlaveTxCpltCallback
                0x0000000008005ac6       0x12 ./Drivers/STM32F1xx_HAL_Driver/Src/stm32f1xx_hal_i2c.o
                0x0000000008005ac6                HAL_I2C_SlaveTxCpltCallback
 .text.HAL_I2C_ListenCpltCallback
                0x0000000008005ad8       0x12 ./Drivers/STM32F1xx_HAL_Driver/Src/stm32f1xx_hal_i2c.o
                0x0000000008005ad8                HAL_I2C_ListenCpltCallback
 .text.HAL_I2C_ErrorCallback
                0x0000000008005aea       0x12 ./Drivers/STM32F1xx_HAL_Driver/Src/stm32f1xx_hal_i2c.o
                0x0000000008005aea                HAL_I2C_ErrorCallback
 .text.HAL_I2C_AbortCpltCallback
                0x0000000008005afc       0x12 ./Drivers/STM32F1xx_HAL_Driver/Src/stm32f1xx_hal_i2c.o
                0x0000000008005afc                HAL_I2C_AbortCpltCallback
 *fill*         0x0000000008005b0e        0x2 
 .text.I2C_Slave_AF
                0x0000000008005b10       0xe0 ./Drivers/STM32F1xx_HAL_Driver/Src/stm32f1xx_hal_i2c.o
 .text.I2C_ITError
                0x0000000008005bf0      0x264 ./Drivers/STM32F1xx_HAL_Driver/Src/stm32f1xx_hal_i2c.o
 .text.I2C_MasterRequestWrite
                0x0000000008005e54      0x104 ./Drivers/STM32F1xx_HAL_Driver/Src/stm32f1xx_hal_i2c.o
 .text.I2C_DMAAbort
                0x0000000008005f58      0x150 ./Drivers/STM32F1xx_HAL_Driver/Src/stm32f1xx_hal_i2c.o
 .text.I2C_WaitOnFlagUntilTimeout
                0x00000000080060a8       0xae ./Drivers/STM32F1xx_HAL_Driver/Src/stm32f1xx_hal_i2c.o
 .text.I2C_WaitOnMasterAddressFlagUntilTimeout
                0x0000000008006156       0xfe ./Drivers/STM32F1xx_HAL_Driver/Src/stm32f1xx_hal_i2c.o
 .text.I2C_WaitOnTXEFlagUntilTimeout
                0x0000000008006254       0x82 ./Drivers/STM32F1xx_HAL_Driver/Src/stm32f1xx_hal_i2c.o
 .text.I2C_WaitOnBTFFlagUntilTimeout
                0x00000000080062d6       0x82 ./Drivers/STM32F1xx_HAL_Driver/Src/stm32f1xx_hal_i2c.o
 .text.I2C_IsAcknowledgeFailed
                0x0000000008006358       0x5c ./Drivers/STM32F1xx_HAL_Driver/Src/stm32f1xx_hal_i2c.o
 .text.HAL_PCD_Init
                0x00000000080063b4      0x216 ./Drivers/STM32F1xx_HAL_Driver/Src/stm32f1xx_hal_pcd.o
                0x00000000080063b4                HAL_PCD_Init
 .text.HAL_PCD_Start
                0x00000000080065ca       0x4c ./Drivers/STM32F1xx_HAL_Driver/Src/stm32f1xx_hal_pcd.o
                0x00000000080065ca                HAL_PCD_Start
 .text.HAL_PCD_IRQHandler
                0x0000000008006616      0x2aa ./Drivers/STM32F1xx_HAL_Driver/Src/stm32f1xx_hal_pcd.o
                0x0000000008006616                HAL_PCD_IRQHandler
 .text.HAL_PCD_SetAddress
                0x00000000080068c0       0x4a ./Drivers/STM32F1xx_HAL_Driver/Src/stm32f1xx_hal_pcd.o
                0x00000000080068c0                HAL_PCD_SetAddress
 .text.HAL_PCD_EP_Open
                0x000000000800690a       0xcc ./Drivers/STM32F1xx_HAL_Driver/Src/stm32f1xx_hal_pcd.o
                0x000000000800690a                HAL_PCD_EP_Open
 .text.HAL_PCD_EP_Close
                0x00000000080069d6       0x90 ./Drivers/STM32F1xx_HAL_Driver/Src/stm32f1xx_hal_pcd.o
                0x00000000080069d6                HAL_PCD_EP_Close
 .text.HAL_PCD_EP_Receive
                0x0000000008006a66       0x7a ./Drivers/STM32F1xx_HAL_Driver/Src/stm32f1xx_hal_pcd.o
                0x0000000008006a66                HAL_PCD_EP_Receive
 .text.HAL_PCD_EP_GetRxCount
                0x0000000008006ae0       0x2e ./Drivers/STM32F1xx_HAL_Driver/Src/stm32f1xx_hal_pcd.o
                0x0000000008006ae0                HAL_PCD_EP_GetRxCount
 .text.HAL_PCD_EP_Transmit
                0x0000000008006b0e       0x86 ./Drivers/STM32F1xx_HAL_Driver/Src/stm32f1xx_hal_pcd.o
                0x0000000008006b0e                HAL_PCD_EP_Transmit
 .text.HAL_PCD_EP_SetStall
                0x0000000008006b94       0xc0 ./Drivers/STM32F1xx_HAL_Driver/Src/stm32f1xx_hal_pcd.o
                0x0000000008006b94                HAL_PCD_EP_SetStall
 .text.HAL_PCD_EP_ClrStall
                0x0000000008006c54       0xa8 ./Drivers/STM32F1xx_HAL_Driver/Src/stm32f1xx_hal_pcd.o
                0x0000000008006c54                HAL_PCD_EP_ClrStall
 .text.PCD_EP_ISR_Handler
                0x0000000008006cfc      0x600 ./Drivers/STM32F1xx_HAL_Driver/Src/stm32f1xx_hal_pcd.o
 .text.HAL_PCD_EP_DB_Receive
                0x00000000080072fc      0x21a ./Drivers/STM32F1xx_HAL_Driver/Src/stm32f1xx_hal_pcd.o
 .text.HAL_PCD_EP_DB_Transmit
                0x0000000008007516      0x7a4 ./Drivers/STM32F1xx_HAL_Driver/Src/stm32f1xx_hal_pcd.o
 .text.HAL_PCDEx_PMAConfig
                0x0000000008007cba       0x84 ./Drivers/STM32F1xx_HAL_Driver/Src/stm32f1xx_hal_pcd_ex.o
                0x0000000008007cba                HAL_PCDEx_PMAConfig
 *fill*         0x0000000008007d3e        0x2 
 .text.HAL_RCC_OscConfig
                0x0000000008007d40      0x500 ./Drivers/STM32F1xx_HAL_Driver/Src/stm32f1xx_hal_rcc.o
                0x0000000008007d40                HAL_RCC_OscConfig
 .text.HAL_RCC_ClockConfig
                0x0000000008008240      0x1d4 ./Drivers/STM32F1xx_HAL_Driver/Src/stm32f1xx_hal_rcc.o
                0x0000000008008240                HAL_RCC_ClockConfig
 .text.HAL_RCC_GetSysClockFreq
                0x0000000008008414       0xc0 ./Drivers/STM32F1xx_HAL_Driver/Src/stm32f1xx_hal_rcc.o
                0x0000000008008414                HAL_RCC_GetSysClockFreq
 .text.HAL_RCC_GetHCLKFreq
                0x00000000080084d4       0x14 ./Drivers/STM32F1xx_HAL_Driver/Src/stm32f1xx_hal_rcc.o
                0x00000000080084d4                HAL_RCC_GetHCLKFreq
 .text.HAL_RCC_GetPCLK1Freq
                0x00000000080084e8       0x28 ./Drivers/STM32F1xx_HAL_Driver/Src/stm32f1xx_hal_rcc.o
                0x00000000080084e8                HAL_RCC_GetPCLK1Freq
 .text.RCC_Delay
                0x0000000008008510       0x3c ./Drivers/STM32F1xx_HAL_Driver/Src/stm32f1xx_hal_rcc.o
 .text.HAL_RCCEx_PeriphCLKConfig
                0x000000000800854c      0x16c ./Drivers/STM32F1xx_HAL_Driver/Src/stm32f1xx_hal_rcc_ex.o
                0x000000000800854c                HAL_RCCEx_PeriphCLKConfig
 .text.HAL_TIM_PWM_Init
                0x00000000080086b8       0x9e ./Drivers/STM32F1xx_HAL_Driver/Src/stm32f1xx_hal_tim.o
                0x00000000080086b8                HAL_TIM_PWM_Init
 *fill*         0x0000000008008756        0x2 
 .text.HAL_TIM_PWM_Start
                0x0000000008008758      0x144 ./Drivers/STM32F1xx_HAL_Driver/Src/stm32f1xx_hal_tim.o
                0x0000000008008758                HAL_TIM_PWM_Start
 .text.HAL_TIM_PWM_ConfigChannel
                0x000000000800889c      0x17c ./Drivers/STM32F1xx_HAL_Driver/Src/stm32f1xx_hal_tim.o
                0x000000000800889c                HAL_TIM_PWM_ConfigChannel
 .text.TIM_Base_SetConfig
                0x0000000008008a18       0xc4 ./Drivers/STM32F1xx_HAL_Driver/Src/stm32f1xx_hal_tim.o
                0x0000000008008a18                TIM_Base_SetConfig
 .text.TIM_OC1_SetConfig
                0x0000000008008adc       0xcc ./Drivers/STM32F1xx_HAL_Driver/Src/stm32f1xx_hal_tim.o
 .text.TIM_OC2_SetConfig
                0x0000000008008ba8       0xd4 ./Drivers/STM32F1xx_HAL_Driver/Src/stm32f1xx_hal_tim.o
                0x0000000008008ba8                TIM_OC2_SetConfig
 .text.TIM_OC3_SetConfig
                0x0000000008008c7c       0xd4 ./Drivers/STM32F1xx_HAL_Driver/Src/stm32f1xx_hal_tim.o
 .text.TIM_OC4_SetConfig
                0x0000000008008d50       0x9c ./Drivers/STM32F1xx_HAL_Driver/Src/stm32f1xx_hal_tim.o
 .text.TIM_CCxChannelCmd
                0x0000000008008dec       0x48 ./Drivers/STM32F1xx_HAL_Driver/Src/stm32f1xx_hal_tim.o
                0x0000000008008dec                TIM_CCxChannelCmd
 .text.HAL_TIMEx_MasterConfigSynchronization
                0x0000000008008e34       0xbc ./Drivers/STM32F1xx_HAL_Driver/Src/stm32f1xx_hal_tim_ex.o
                0x0000000008008e34                HAL_TIMEx_MasterConfigSynchronization
 .text.USB_CoreInit
                0x0000000008008ef0       0x20 ./Drivers/STM32F1xx_HAL_Driver/Src/stm32f1xx_ll_usb.o
                0x0000000008008ef0                USB_CoreInit
 .text.USB_EnableGlobalInt
                0x0000000008008f10       0x2c ./Drivers/STM32F1xx_HAL_Driver/Src/stm32f1xx_ll_usb.o
                0x0000000008008f10                USB_EnableGlobalInt
 .text.USB_DisableGlobalInt
                0x0000000008008f3c       0x34 ./Drivers/STM32F1xx_HAL_Driver/Src/stm32f1xx_ll_usb.o
                0x0000000008008f3c                USB_DisableGlobalInt
 .text.USB_SetCurrentMode
                0x0000000008008f70       0x18 ./Drivers/STM32F1xx_HAL_Driver/Src/stm32f1xx_ll_usb.o
                0x0000000008008f70                USB_SetCurrentMode
 .text.USB_DevInit
                0x0000000008008f88       0x40 ./Drivers/STM32F1xx_HAL_Driver/Src/stm32f1xx_ll_usb.o
                0x0000000008008f88                USB_DevInit
 .text.USB_ActivateEndpoint
                0x0000000008008fc8      0x6d4 ./Drivers/STM32F1xx_HAL_Driver/Src/stm32f1xx_ll_usb.o
                0x0000000008008fc8                USB_ActivateEndpoint
 .text.USB_DeactivateEndpoint
                0x000000000800969c      0x3d8 ./Drivers/STM32F1xx_HAL_Driver/Src/stm32f1xx_ll_usb.o
                0x000000000800969c                USB_DeactivateEndpoint
 .text.USB_EPStartXfer
                0x0000000008009a74     0x15ee ./Drivers/STM32F1xx_HAL_Driver/Src/stm32f1xx_ll_usb.o
                0x0000000008009a74                USB_EPStartXfer
 .text.USB_EPSetStall
                0x000000000800b062       0xa0 ./Drivers/STM32F1xx_HAL_Driver/Src/stm32f1xx_ll_usb.o
                0x000000000800b062                USB_EPSetStall
 .text.USB_EPClearStall
                0x000000000800b102      0x15a ./Drivers/STM32F1xx_HAL_Driver/Src/stm32f1xx_ll_usb.o
                0x000000000800b102                USB_EPClearStall
 .text.USB_SetDevAddress
                0x000000000800b25c       0x26 ./Drivers/STM32F1xx_HAL_Driver/Src/stm32f1xx_ll_usb.o
                0x000000000800b25c                USB_SetDevAddress
 .text.USB_DevConnect
                0x000000000800b282       0x14 ./Drivers/STM32F1xx_HAL_Driver/Src/stm32f1xx_ll_usb.o
                0x000000000800b282                USB_DevConnect
 .text.USB_DevDisconnect
                0x000000000800b296       0x14 ./Drivers/STM32F1xx_HAL_Driver/Src/stm32f1xx_ll_usb.o
                0x000000000800b296                USB_DevDisconnect
 .text.USB_ReadInterrupts
                0x000000000800b2aa       0x1e ./Drivers/STM32F1xx_HAL_Driver/Src/stm32f1xx_ll_usb.o
                0x000000000800b2aa                USB_ReadInterrupts
 .text.USB_EP0_OutStart
                0x000000000800b2c8       0x16 ./Drivers/STM32F1xx_HAL_Driver/Src/stm32f1xx_ll_usb.o
                0x000000000800b2c8                USB_EP0_OutStart
 .text.USB_WritePMA
                0x000000000800b2de       0x8a ./Drivers/STM32F1xx_HAL_Driver/Src/stm32f1xx_ll_usb.o
                0x000000000800b2de                USB_WritePMA
 .text.USB_ReadPMA
                0x000000000800b368       0x9e ./Drivers/STM32F1xx_HAL_Driver/Src/stm32f1xx_ll_usb.o
                0x000000000800b368                USB_ReadPMA
 .text.USBD_CDC_Init
                0x000000000800b406       0xf4 ./Middlewares/ST/STM32_USB_Device_Library/Class/CDC/Src/usbd_cdc.o
 .text.USBD_CDC_DeInit
                0x000000000800b4fa       0x6e ./Middlewares/ST/STM32_USB_Device_Library/Class/CDC/Src/usbd_cdc.o
 .text.USBD_CDC_Setup
                0x000000000800b568      0x146 ./Middlewares/ST/STM32_USB_Device_Library/Class/CDC/Src/usbd_cdc.o
 .text.USBD_CDC_DataIn
                0x000000000800b6ae       0xa6 ./Middlewares/ST/STM32_USB_Device_Library/Class/CDC/Src/usbd_cdc.o
 .text.USBD_CDC_DataOut
                0x000000000800b754       0x56 ./Middlewares/ST/STM32_USB_Device_Library/Class/CDC/Src/usbd_cdc.o
 .text.USBD_CDC_EP0_RxReady
                0x000000000800b7aa       0x50 ./Middlewares/ST/STM32_USB_Device_Library/Class/CDC/Src/usbd_cdc.o
 *fill*         0x000000000800b7fa        0x2 
 .text.USBD_CDC_GetFSCfgDesc
                0x000000000800b7fc       0x20 ./Middlewares/ST/STM32_USB_Device_Library/Class/CDC/Src/usbd_cdc.o
 .text.USBD_CDC_GetHSCfgDesc
                0x000000000800b81c       0x20 ./Middlewares/ST/STM32_USB_Device_Library/Class/CDC/Src/usbd_cdc.o
 .text.USBD_CDC_GetOtherSpeedCfgDesc
                0x000000000800b83c       0x20 ./Middlewares/ST/STM32_USB_Device_Library/Class/CDC/Src/usbd_cdc.o
 .text.USBD_CDC_GetDeviceQualifierDescriptor
                0x000000000800b85c       0x20 ./Middlewares/ST/STM32_USB_Device_Library/Class/CDC/Src/usbd_cdc.o
                0x000000000800b85c                USBD_CDC_GetDeviceQualifierDescriptor
 .text.USBD_CDC_RegisterInterface
                0x000000000800b87c       0x2c ./Middlewares/ST/STM32_USB_Device_Library/Class/CDC/Src/usbd_cdc.o
                0x000000000800b87c                USBD_CDC_RegisterInterface
 .text.USBD_CDC_SetTxBuffer
                0x000000000800b8a8       0x32 ./Middlewares/ST/STM32_USB_Device_Library/Class/CDC/Src/usbd_cdc.o
                0x000000000800b8a8                USBD_CDC_SetTxBuffer
 .text.USBD_CDC_SetRxBuffer
                0x000000000800b8da       0x26 ./Middlewares/ST/STM32_USB_Device_Library/Class/CDC/Src/usbd_cdc.o
                0x000000000800b8da                USBD_CDC_SetRxBuffer
 .text.USBD_CDC_TransmitPacket
                0x000000000800b900       0x5e ./Middlewares/ST/STM32_USB_Device_Library/Class/CDC/Src/usbd_cdc.o
                0x000000000800b900                USBD_CDC_TransmitPacket
 .text.USBD_CDC_ReceivePacket
                0x000000000800b95e       0x54 ./Middlewares/ST/STM32_USB_Device_Library/Class/CDC/Src/usbd_cdc.o
                0x000000000800b95e                USBD_CDC_ReceivePacket
 .text.USBD_Init
                0x000000000800b9b2       0x56 ./Middlewares/ST/STM32_USB_Device_Library/Core/Src/usbd_core.o
                0x000000000800b9b2                USBD_Init
 .text.USBD_RegisterClass
                0x000000000800ba08       0x32 ./Middlewares/ST/STM32_USB_Device_Library/Core/Src/usbd_core.o
                0x000000000800ba08                USBD_RegisterClass
 .text.USBD_Start
                0x000000000800ba3a       0x18 ./Middlewares/ST/STM32_USB_Device_Library/Core/Src/usbd_core.o
                0x000000000800ba3a                USBD_Start
 .text.USBD_RunTestMode
                0x000000000800ba52       0x14 ./Middlewares/ST/STM32_USB_Device_Library/Core/Src/usbd_core.o
                0x000000000800ba52                USBD_RunTestMode
 .text.USBD_SetClassConfig
                0x000000000800ba66       0x3e ./Middlewares/ST/STM32_USB_Device_Library/Core/Src/usbd_core.o
                0x000000000800ba66                USBD_SetClassConfig
 .text.USBD_ClrClassConfig
                0x000000000800baa4       0x26 ./Middlewares/ST/STM32_USB_Device_Library/Core/Src/usbd_core.o
                0x000000000800baa4                USBD_ClrClassConfig
 .text.USBD_LL_SetupStage
                0x000000000800baca       0x9a ./Middlewares/ST/STM32_USB_Device_Library/Core/Src/usbd_core.o
                0x000000000800baca                USBD_LL_SetupStage
 .text.USBD_LL_DataOutStage
                0x000000000800bb64       0xe2 ./Middlewares/ST/STM32_USB_Device_Library/Core/Src/usbd_core.o
                0x000000000800bb64                USBD_LL_DataOutStage
 .text.USBD_LL_DataInStage
                0x000000000800bc46      0x14a ./Middlewares/ST/STM32_USB_Device_Library/Core/Src/usbd_core.o
                0x000000000800bc46                USBD_LL_DataInStage
 .text.USBD_LL_Reset
                0x000000000800bd90       0x82 ./Middlewares/ST/STM32_USB_Device_Library/Core/Src/usbd_core.o
                0x000000000800bd90                USBD_LL_Reset
 .text.USBD_LL_SetSpeed
                0x000000000800be12       0x1e ./Middlewares/ST/STM32_USB_Device_Library/Core/Src/usbd_core.o
                0x000000000800be12                USBD_LL_SetSpeed
 .text.USBD_LL_Suspend
                0x000000000800be30       0x28 ./Middlewares/ST/STM32_USB_Device_Library/Core/Src/usbd_core.o
                0x000000000800be30                USBD_LL_Suspend
 .text.USBD_LL_Resume
                0x000000000800be58       0x2a ./Middlewares/ST/STM32_USB_Device_Library/Core/Src/usbd_core.o
                0x000000000800be58                USBD_LL_Resume
 .text.USBD_LL_SOF
                0x000000000800be82       0x34 ./Middlewares/ST/STM32_USB_Device_Library/Core/Src/usbd_core.o
                0x000000000800be82                USBD_LL_SOF
 *fill*         0x000000000800beb6        0x2 
 .text.USBD_StdDevReq
                0x000000000800beb8       0xd4 ./Middlewares/ST/STM32_USB_Device_Library/Core/Src/usbd_ctlreq.o
                0x000000000800beb8                USBD_StdDevReq
 .text.USBD_StdItfReq
                0x000000000800bf8c       0x90 ./Middlewares/ST/STM32_USB_Device_Library/Core/Src/usbd_ctlreq.o
                0x000000000800bf8c                USBD_StdItfReq
 .text.USBD_StdEPReq
                0x000000000800c01c      0x2c6 ./Middlewares/ST/STM32_USB_Device_Library/Core/Src/usbd_ctlreq.o
                0x000000000800c01c                USBD_StdEPReq
 *fill*         0x000000000800c2e2        0x2 
 .text.USBD_GetDescriptor
                0x000000000800c2e4      0x2d0 ./Middlewares/ST/STM32_USB_Device_Library/Core/Src/usbd_ctlreq.o
 .text.USBD_SetAddress
                0x000000000800c5b4       0x86 ./Middlewares/ST/STM32_USB_Device_Library/Core/Src/usbd_ctlreq.o
 *fill*         0x000000000800c63a        0x2 
 .text.USBD_SetConfig
                0x000000000800c63c      0x11c ./Middlewares/ST/STM32_USB_Device_Library/Core/Src/usbd_ctlreq.o
 .text.USBD_GetConfig
                0x000000000800c758       0x6a ./Middlewares/ST/STM32_USB_Device_Library/Core/Src/usbd_ctlreq.o
 .text.USBD_GetStatus
                0x000000000800c7c2       0x66 ./Middlewares/ST/STM32_USB_Device_Library/Core/Src/usbd_ctlreq.o
 .text.USBD_SetFeature
                0x000000000800c828       0x28 ./Middlewares/ST/STM32_USB_Device_Library/Core/Src/usbd_ctlreq.o
 .text.USBD_ClrFeature
                0x000000000800c850       0x42 ./Middlewares/ST/STM32_USB_Device_Library/Core/Src/usbd_ctlreq.o
 .text.USBD_ParseSetupRequest
                0x000000000800c892       0x78 ./Middlewares/ST/STM32_USB_Device_Library/Core/Src/usbd_ctlreq.o
                0x000000000800c892                USBD_ParseSetupRequest
 .text.USBD_CtlError
                0x000000000800c90a       0x22 ./Middlewares/ST/STM32_USB_Device_Library/Core/Src/usbd_ctlreq.o
                0x000000000800c90a                USBD_CtlError
 .text.USBD_GetString
                0x000000000800c92c       0x84 ./Middlewares/ST/STM32_USB_Device_Library/Core/Src/usbd_ctlreq.o
                0x000000000800c92c                USBD_GetString
 .text.USBD_GetLen
                0x000000000800c9b0       0x2e ./Middlewares/ST/STM32_USB_Device_Library/Core/Src/usbd_ctlreq.o
 .text.USBD_CtlSendData
                0x000000000800c9de       0x38 ./Middlewares/ST/STM32_USB_Device_Library/Core/Src/usbd_ioreq.o
                0x000000000800c9de                USBD_CtlSendData
 .text.USBD_CtlContinueSendData
                0x000000000800ca16       0x24 ./Middlewares/ST/STM32_USB_Device_Library/Core/Src/usbd_ioreq.o
                0x000000000800ca16                USBD_CtlContinueSendData
 .text.USBD_CtlPrepareRx
                0x000000000800ca3a       0x3c ./Middlewares/ST/STM32_USB_Device_Library/Core/Src/usbd_ioreq.o
                0x000000000800ca3a                USBD_CtlPrepareRx
 .text.USBD_CtlContinueRx
                0x000000000800ca76       0x24 ./Middlewares/ST/STM32_USB_Device_Library/Core/Src/usbd_ioreq.o
                0x000000000800ca76                USBD_CtlContinueRx
 .text.USBD_CtlSendStatus
                0x000000000800ca9a       0x26 ./Middlewares/ST/STM32_USB_Device_Library/Core/Src/usbd_ioreq.o
                0x000000000800ca9a                USBD_CtlSendStatus
 .text.USBD_CtlReceiveStatus
                0x000000000800cac0       0x26 ./Middlewares/ST/STM32_USB_Device_Library/Core/Src/usbd_ioreq.o
                0x000000000800cac0                USBD_CtlReceiveStatus
 *fill*         0x000000000800cae6        0x2 
 .text.MX_USB_DEVICE_Init
                0x000000000800cae8       0x60 ./USB_DEVICE/App/usb_device.o
                0x000000000800cae8                MX_USB_DEVICE_Init
 .text.CDC_Init_FS
                0x000000000800cb48       0x28 ./USB_DEVICE/App/usbd_cdc_if.o
 .text.CDC_DeInit_FS
                0x000000000800cb70        0xe ./USB_DEVICE/App/usbd_cdc_if.o
 *fill*         0x000000000800cb7e        0x2 
 .text.CDC_Control_FS
                0x000000000800cb80       0xd4 ./USB_DEVICE/App/usbd_cdc_if.o
 .text.CDC_Receive_FS
                0x000000000800cc54       0x54 ./USB_DEVICE/App/usbd_cdc_if.o
 .text.CDC_Transmit_FS
                0x000000000800cca8       0x4c ./USB_DEVICE/App/usbd_cdc_if.o
                0x000000000800cca8                CDC_Transmit_FS
 .text.USBD_FS_DeviceDescriptor
                0x000000000800ccf4       0x24 ./USB_DEVICE/App/usbd_desc.o
                0x000000000800ccf4                USBD_FS_DeviceDescriptor
 .text.USBD_FS_LangIDStrDescriptor
                0x000000000800cd18       0x24 ./USB_DEVICE/App/usbd_desc.o
                0x000000000800cd18                USBD_FS_LangIDStrDescriptor
 .text.USBD_FS_ProductStrDescriptor
                0x000000000800cd3c       0x3c ./USB_DEVICE/App/usbd_desc.o
                0x000000000800cd3c                USBD_FS_ProductStrDescriptor
 .text.USBD_FS_ManufacturerStrDescriptor
                0x000000000800cd78       0x28 ./USB_DEVICE/App/usbd_desc.o
                0x000000000800cd78                USBD_FS_ManufacturerStrDescriptor
 .text.USBD_FS_SerialStrDescriptor
                0x000000000800cda0       0x24 ./USB_DEVICE/App/usbd_desc.o
                0x000000000800cda0                USBD_FS_SerialStrDescriptor
 .text.USBD_FS_ConfigStrDescriptor
                0x000000000800cdc4       0x3c ./USB_DEVICE/App/usbd_desc.o
                0x000000000800cdc4                USBD_FS_ConfigStrDescriptor
 .text.USBD_FS_InterfaceStrDescriptor
                0x000000000800ce00       0x3c ./USB_DEVICE/App/usbd_desc.o
                0x000000000800ce00                USBD_FS_InterfaceStrDescriptor
 .text.Get_SerialNum
                0x000000000800ce3c       0x58 ./USB_DEVICE/App/usbd_desc.o
 .text.IntToUnicode
                0x000000000800ce94       0x7c ./USB_DEVICE/App/usbd_desc.o
 .text.HAL_PCD_MspInit
                0x000000000800cf10       0x4c ./USB_DEVICE/Target/usbd_conf.o
                0x000000000800cf10                HAL_PCD_MspInit
 .text.HAL_PCD_SetupStageCallback
                0x000000000800cf5c       0x24 ./USB_DEVICE/Target/usbd_conf.o
                0x000000000800cf5c                HAL_PCD_SetupStageCallback
 .text.HAL_PCD_DataOutStageCallback
                0x000000000800cf80       0x36 ./USB_DEVICE/Target/usbd_conf.o
                0x000000000800cf80                HAL_PCD_DataOutStageCallback
 .text.HAL_PCD_DataInStageCallback
                0x000000000800cfb6       0x34 ./USB_DEVICE/Target/usbd_conf.o
                0x000000000800cfb6                HAL_PCD_DataInStageCallback
 .text.HAL_PCD_SOFCallback
                0x000000000800cfea       0x1c ./USB_DEVICE/Target/usbd_conf.o
                0x000000000800cfea                HAL_PCD_SOFCallback
 .text.HAL_PCD_ResetCallback
                0x000000000800d006       0x3c ./USB_DEVICE/Target/usbd_conf.o
                0x000000000800d006                HAL_PCD_ResetCallback
 *fill*         0x000000000800d042        0x2 
 .text.HAL_PCD_SuspendCallback
                0x000000000800d044       0x34 ./USB_DEVICE/Target/usbd_conf.o
                0x000000000800d044                HAL_PCD_SuspendCallback
 .text.HAL_PCD_ResumeCallback
                0x000000000800d078       0x1c ./USB_DEVICE/Target/usbd_conf.o
                0x000000000800d078                HAL_PCD_ResumeCallback
 .text.USBD_LL_Init
                0x000000000800d094       0xb4 ./USB_DEVICE/Target/usbd_conf.o
                0x000000000800d094                USBD_LL_Init
 .text.USBD_LL_Start
                0x000000000800d148       0x36 ./USB_DEVICE/Target/usbd_conf.o
                0x000000000800d148                USBD_LL_Start
 .text.USBD_LL_OpenEP
                0x000000000800d17e       0x4c ./USB_DEVICE/Target/usbd_conf.o
                0x000000000800d17e                USBD_LL_OpenEP
 .text.USBD_LL_CloseEP
                0x000000000800d1ca       0x3e ./USB_DEVICE/Target/usbd_conf.o
                0x000000000800d1ca                USBD_LL_CloseEP
 .text.USBD_LL_StallEP
                0x000000000800d208       0x3e ./USB_DEVICE/Target/usbd_conf.o
                0x000000000800d208                USBD_LL_StallEP
 .text.USBD_LL_ClearStallEP
                0x000000000800d246       0x3e ./USB_DEVICE/Target/usbd_conf.o
                0x000000000800d246                USBD_LL_ClearStallEP
 .text.USBD_LL_IsStallEP
                0x000000000800d284       0x58 ./USB_DEVICE/Target/usbd_conf.o
                0x000000000800d284                USBD_LL_IsStallEP
 .text.USBD_LL_SetUSBAddress
                0x000000000800d2dc       0x3e ./USB_DEVICE/Target/usbd_conf.o
                0x000000000800d2dc                USBD_LL_SetUSBAddress
 .text.USBD_LL_Transmit
                0x000000000800d31a       0x46 ./USB_DEVICE/Target/usbd_conf.o
                0x000000000800d31a                USBD_LL_Transmit
 .text.USBD_LL_PrepareReceive
                0x000000000800d360       0x46 ./USB_DEVICE/Target/usbd_conf.o
                0x000000000800d360                USBD_LL_PrepareReceive
 .text.USBD_LL_GetRxDataSize
                0x000000000800d3a6       0x26 ./USB_DEVICE/Target/usbd_conf.o
                0x000000000800d3a6                USBD_LL_GetRxDataSize
 .text.USBD_static_malloc
                0x000000000800d3cc       0x18 ./USB_DEVICE/Target/usbd_conf.o
                0x000000000800d3cc                USBD_static_malloc
 .text.USBD_static_free
                0x000000000800d3e4       0x12 ./USB_DEVICE/Target/usbd_conf.o
                0x000000000800d3e4                USBD_static_free
 .text.HAL_PCDEx_SetConnectionState
                0x000000000800d3f6       0x16 ./USB_DEVICE/Target/usbd_conf.o
                0x000000000800d3f6                HAL_PCDEx_SetConnectionState
 .text.USBD_Get_USB_Status
                0x000000000800d40c       0x58 ./USB_DEVICE/Target/usbd_conf.o
 .text.atoi     0x000000000800d464        0x8 c:/st/stm32cubeide_1.8.0/stm32cubeide/plugins/com.st.stm32cube.ide.mcu.externaltools.gnu-tools-for-stm32.9-2020-q2-update.win32_2.0.0.202105311346/tools/bin/../lib/gcc/arm-none-eabi/9.3.1/../../../../arm-none-eabi/lib/thumb/v7-m/nofp\libc_nano.a(lib_a-atoi.o)
                0x000000000800d464                atoi
 .text.__errno  0x000000000800d46c        0xc c:/st/stm32cubeide_1.8.0/stm32cubeide/plugins/com.st.stm32cube.ide.mcu.externaltools.gnu-tools-for-stm32.9-2020-q2-update.win32_2.0.0.202105311346/tools/bin/../lib/gcc/arm-none-eabi/9.3.1/../../../../arm-none-eabi/lib/thumb/v7-m/nofp\libc_nano.a(lib_a-errno.o)
                0x000000000800d46c                __errno
 .text.__libc_init_array
                0x000000000800d478       0x48 c:/st/stm32cubeide_1.8.0/stm32cubeide/plugins/com.st.stm32cube.ide.mcu.externaltools.gnu-tools-for-stm32.9-2020-q2-update.win32_2.0.0.202105311346/tools/bin/../lib/gcc/arm-none-eabi/9.3.1/../../../../arm-none-eabi/lib/thumb/v7-m/nofp\libc_nano.a(lib_a-init.o)
                0x000000000800d478                __libc_init_array
 .text.__itoa   0x000000000800d4c0       0x30 c:/st/stm32cubeide_1.8.0/stm32cubeide/plugins/com.st.stm32cube.ide.mcu.externaltools.gnu-tools-for-stm32.9-2020-q2-update.win32_2.0.0.202105311346/tools/bin/../lib/gcc/arm-none-eabi/9.3.1/../../../../arm-none-eabi/lib/thumb/v7-m/nofp\libc_nano.a(lib_a-itoa.o)
                0x000000000800d4c0                __itoa
 .text.itoa     0x000000000800d4f0        0x4 c:/st/stm32cubeide_1.8.0/stm32cubeide/plugins/com.st.stm32cube.ide.mcu.externaltools.gnu-tools-for-stm32.9-2020-q2-update.win32_2.0.0.202105311346/tools/bin/../lib/gcc/arm-none-eabi/9.3.1/../../../../arm-none-eabi/lib/thumb/v7-m/nofp\libc_nano.a(lib_a-itoa.o)
                0x000000000800d4f0                itoa
 .text.memcpy   0x000000000800d4f4       0x1c c:/st/stm32cubeide_1.8.0/stm32cubeide/plugins/com.st.stm32cube.ide.mcu.externaltools.gnu-tools-for-stm32.9-2020-q2-update.win32_2.0.0.202105311346/tools/bin/../lib/gcc/arm-none-eabi/9.3.1/../../../../arm-none-eabi/lib/thumb/v7-m/nofp\libc_nano.a(lib_a-memcpy-stub.o)
                0x000000000800d4f4                memcpy
 .text.memset   0x000000000800d510       0x10 c:/st/stm32cubeide_1.8.0/stm32cubeide/plugins/com.st.stm32cube.ide.mcu.externaltools.gnu-tools-for-stm32.9-2020-q2-update.win32_2.0.0.202105311346/tools/bin/../lib/gcc/arm-none-eabi/9.3.1/../../../../arm-none-eabi/lib/thumb/v7-m/nofp\libc_nano.a(lib_a-memset.o)
                0x000000000800d510                memset
 .text._strtol_l.isra.0
                0x000000000800d520      0x10c c:/st/stm32cubeide_1.8.0/stm32cubeide/plugins/com.st.stm32cube.ide.mcu.externaltools.gnu-tools-for-stm32.9-2020-q2-update.win32_2.0.0.202105311346/tools/bin/../lib/gcc/arm-none-eabi/9.3.1/../../../../arm-none-eabi/lib/thumb/v7-m/nofp\libc_nano.a(lib_a-strtol.o)
 .text.strtol   0x000000000800d62c       0x14 c:/st/stm32cubeide_1.8.0/stm32cubeide/plugins/com.st.stm32cube.ide.mcu.externaltools.gnu-tools-for-stm32.9-2020-q2-update.win32_2.0.0.202105311346/tools/bin/../lib/gcc/arm-none-eabi/9.3.1/../../../../arm-none-eabi/lib/thumb/v7-m/nofp\libc_nano.a(lib_a-strtol.o)
                0x000000000800d62c                strtol
 .text.__utoa   0x000000000800d640       0x84 c:/st/stm32cubeide_1.8.0/stm32cubeide/plugins/com.st.stm32cube.ide.mcu.externaltools.gnu-tools-for-stm32.9-2020-q2-update.win32_2.0.0.202105311346/tools/bin/../lib/gcc/arm-none-eabi/9.3.1/../../../../arm-none-eabi/lib/thumb/v7-m/nofp\libc_nano.a(lib_a-utoa.o)
                0x000000000800d640                __utoa
 .text.log      0x000000000800d6c4       0x74 c:/st/stm32cubeide_1.8.0/stm32cubeide/plugins/com.st.stm32cube.ide.mcu.externaltools.gnu-tools-for-stm32.9-2020-q2-update.win32_2.0.0.202105311346/tools/bin/../lib/gcc/arm-none-eabi/9.3.1/../../../../arm-none-eabi/lib/thumb/v7-m/nofp\libm.a(lib_a-w_log.o)
                0x000000000800d6c4                log
 .text.__ieee754_log
                0x000000000800d738      0x364 c:/st/stm32cubeide_1.8.0/stm32cubeide/plugins/com.st.stm32cube.ide.mcu.externaltools.gnu-tools-for-stm32.9-2020-q2-update.win32_2.0.0.202105311346/tools/bin/../lib/gcc/arm-none-eabi/9.3.1/../../../../arm-none-eabi/lib/thumb/v7-m/nofp\libm.a(lib_a-e_log.o)
                0x000000000800d738                __ieee754_log
 .text.nan      0x000000000800da9c        0xc c:/st/stm32cubeide_1.8.0/stm32cubeide/plugins/com.st.stm32cube.ide.mcu.externaltools.gnu-tools-for-stm32.9-2020-q2-update.win32_2.0.0.202105311346/tools/bin/../lib/gcc/arm-none-eabi/9.3.1/../../../../arm-none-eabi/lib/thumb/v7-m/nofp\libm.a(lib_a-s_nan.o)
                0x000000000800da9c                nan
 *(.glue_7)
 .glue_7        0x000000000800daa8        0x0 linker stubs
 *(.glue_7t)
 .glue_7t       0x000000000800daa8        0x0 linker stubs
 *(.eh_frame)
 .eh_frame      0x000000000800daa8        0x0 c:/st/stm32cubeide_1.8.0/stm32cubeide/plugins/com.st.stm32cube.ide.mcu.externaltools.gnu-tools-for-stm32.9-2020-q2-update.win32_2.0.0.202105311346/tools/bin/../lib/gcc/arm-none-eabi/9.3.1/thumb/v7-m/nofp/crtbegin.o
 *(.init)
 .init          0x000000000800daa8        0x4 c:/st/stm32cubeide_1.8.0/stm32cubeide/plugins/com.st.stm32cube.ide.mcu.externaltools.gnu-tools-for-stm32.9-2020-q2-update.win32_2.0.0.202105311346/tools/bin/../lib/gcc/arm-none-eabi/9.3.1/thumb/v7-m/nofp/crti.o
                0x000000000800daa8                _init
 .init          0x000000000800daac        0x8 c:/st/stm32cubeide_1.8.0/stm32cubeide/plugins/com.st.stm32cube.ide.mcu.externaltools.gnu-tools-for-stm32.9-2020-q2-update.win32_2.0.0.202105311346/tools/bin/../lib/gcc/arm-none-eabi/9.3.1/thumb/v7-m/nofp/crtn.o
 *(.fini)
 .fini          0x000000000800dab4        0x4 c:/st/stm32cubeide_1.8.0/stm32cubeide/plugins/com.st.stm32cube.ide.mcu.externaltools.gnu-tools-for-stm32.9-2020-q2-update.win32_2.0.0.202105311346/tools/bin/../lib/gcc/arm-none-eabi/9.3.1/thumb/v7-m/nofp/crti.o
                0x000000000800dab4                _fini
 .fini          0x000000000800dab8        0x8 c:/st/stm32cubeide_1.8.0/stm32cubeide/plugins/com.st.stm32cube.ide.mcu.externaltools.gnu-tools-for-stm32.9-2020-q2-update.win32_2.0.0.202105311346/tools/bin/../lib/gcc/arm-none-eabi/9.3.1/thumb/v7-m/nofp/crtn.o
                0x000000000800dac0                . = ALIGN (0x4)
                0x000000000800dac0                _etext = .

.vfp11_veneer   0x000000000800dac0        0x0
 .vfp11_veneer  0x000000000800dac0        0x0 linker stubs

.v4_bx          0x000000000800dac0        0x0
 .v4_bx         0x000000000800dac0        0x0 linker stubs

.iplt           0x000000000800dac0        0x0
 .iplt          0x000000000800dac0        0x0 c:/st/stm32cubeide_1.8.0/stm32cubeide/plugins/com.st.stm32cube.ide.mcu.externaltools.gnu-tools-for-stm32.9-2020-q2-update.win32_2.0.0.202105311346/tools/bin/../lib/gcc/arm-none-eabi/9.3.1/thumb/v7-m/nofp/crtbegin.o

.rodata         0x000000000800dac0      0xf74
                0x000000000800dac0                . = ALIGN (0x4)
 *(.rodata)
 .rodata        0x000000000800dac0       0x80 ./Core/Src/main.o
 .rodata        0x000000000800db40       0x10 ./Drivers/STM32F1xx_HAL_Driver/Src/stm32f1xx_hal_rcc.o
 .rodata        0x000000000800db50       0x46 ./USB_DEVICE/App/usbd_desc.o
 *(.rodata*)
 *fill*         0x000000000800db96        0x2 
 .rodata.Font11x18
                0x000000000800db98      0xd5c ./Core/Src/fonts.o
                0x000000000800db98                Font11x18
 .rodata.AHBPrescTable
                0x000000000800e8f4       0x10 ./Core/Src/system_stm32f1xx.o
                0x000000000800e8f4                AHBPrescTable
 .rodata.APBPrescTable
                0x000000000800e904        0x8 ./Core/Src/system_stm32f1xx.o
                0x000000000800e904                APBPrescTable
 .rodata.__utoa.str1.1
                0x000000000800e90c       0x25 c:/st/stm32cubeide_1.8.0/stm32cubeide/plugins/com.st.stm32cube.ide.mcu.externaltools.gnu-tools-for-stm32.9-2020-q2-update.win32_2.0.0.202105311346/tools/bin/../lib/gcc/arm-none-eabi/9.3.1/../../../../arm-none-eabi/lib/thumb/v7-m/nofp\libc_nano.a(lib_a-utoa.o)
 .rodata._ctype_
                0x000000000800e931      0x101 c:/st/stm32cubeide_1.8.0/stm32cubeide/plugins/com.st.stm32cube.ide.mcu.externaltools.gnu-tools-for-stm32.9-2020-q2-update.win32_2.0.0.202105311346/tools/bin/../lib/gcc/arm-none-eabi/9.3.1/../../../../arm-none-eabi/lib/thumb/v7-m/nofp\libc_nano.a(lib_a-ctype_.o)
                0x000000000800e931                _ctype_
 .rodata.log.str1.1
                0x000000000800ea32       0x25 c:/st/stm32cubeide_1.8.0/stm32cubeide/plugins/com.st.stm32cube.ide.mcu.externaltools.gnu-tools-for-stm32.9-2020-q2-update.win32_2.0.0.202105311346/tools/bin/../lib/gcc/arm-none-eabi/9.3.1/../../../../arm-none-eabi/lib/thumb/v7-m/nofp\libm.a(lib_a-w_log.o)
                                          0x1 (size before relaxing)
                0x000000000800ea58                . = ALIGN (0x4)
 *fill*         0x000000000800ea32        0x2 

.rel.dyn        0x000000000800ea34        0x0
 .rel.iplt      0x000000000800ea34        0x0 c:/st/stm32cubeide_1.8.0/stm32cubeide/plugins/com.st.stm32cube.ide.mcu.externaltools.gnu-tools-for-stm32.9-2020-q2-update.win32_2.0.0.202105311346/tools/bin/../lib/gcc/arm-none-eabi/9.3.1/thumb/v7-m/nofp/crtbegin.o

.ARM.extab      0x000000000800ea34        0x0
                0x000000000800ea34                . = ALIGN (0x4)
 *(.ARM.extab* .gnu.linkonce.armextab.*)
                0x000000000800ea34                . = ALIGN (0x4)

.ARM            0x000000000800ea34        0x0
                0x000000000800ea34                . = ALIGN (0x4)
                0x000000000800ea34                __exidx_start = .
 *(.ARM.exidx*)
                0x000000000800ea34                __exidx_end = .
                0x000000000800ea34                . = ALIGN (0x4)

.preinit_array  0x000000000800ea34        0x0
                0x000000000800ea34                . = ALIGN (0x4)
                0x000000000800ea34                PROVIDE (__preinit_array_start = .)
 *(.preinit_array*)
                0x000000000800ea34                PROVIDE (__preinit_array_end = .)
                0x000000000800ea34                . = ALIGN (0x4)

.init_array     0x000000000800ea34        0x4
                0x000000000800ea34                . = ALIGN (0x4)
                0x000000000800ea34                PROVIDE (__init_array_start = .)
 *(SORT_BY_NAME(.init_array.*))
 *(.init_array*)
 .init_array    0x000000000800ea34        0x4 c:/st/stm32cubeide_1.8.0/stm32cubeide/plugins/com.st.stm32cube.ide.mcu.externaltools.gnu-tools-for-stm32.9-2020-q2-update.win32_2.0.0.202105311346/tools/bin/../lib/gcc/arm-none-eabi/9.3.1/thumb/v7-m/nofp/crtbegin.o
                0x000000000800ea38                PROVIDE (__init_array_end = .)
                0x000000000800ea38                . = ALIGN (0x4)

.fini_array     0x000000000800ea38        0x4
                0x000000000800ea38                . = ALIGN (0x4)
                [!provide]                        PROVIDE (__fini_array_start = .)
 *(SORT_BY_NAME(.fini_array.*))
 *(.fini_array*)
 .fini_array    0x000000000800ea38        0x4 c:/st/stm32cubeide_1.8.0/stm32cubeide/plugins/com.st.stm32cube.ide.mcu.externaltools.gnu-tools-for-stm32.9-2020-q2-update.win32_2.0.0.202105311346/tools/bin/../lib/gcc/arm-none-eabi/9.3.1/thumb/v7-m/nofp/crtbegin.o
                [!provide]                        PROVIDE (__fini_array_end = .)
                0x000000000800ea3c                . = ALIGN (0x4)
                0x000000000800ea3c                _sidata = LOADADDR (.data)

.data           0x0000000020000000      0x25c load address 0x000000000800ea3c
                0x0000000020000000                . = ALIGN (0x4)
                0x0000000020000000                _sdata = .
 *(.data)
 *(.data*)
 .data.Font_11x18
                0x0000000020000000        0x8 ./Core/Src/fonts.o
                0x0000000020000000                Font_11x18
 .data.dataDAC  0x0000000020000008        0x3 ./Core/Src/main.o
                0x0000000020000008                dataDAC
 *fill*         0x000000002000000b        0x1 
 .data.message  0x000000002000000c       0x16 ./Core/Src/main.o
                0x000000002000000c                message
 .data.len      0x0000000020000022        0x2 ./Core/Src/main.o
                0x0000000020000022                len
 .data.Uadc     0x0000000020000024        0x4 ./Core/Src/main.o
                0x0000000020000024                Uadc
 .data.napetiBUCK
                0x0000000020000028       0x40 ./Core/Src/main.o
                0x0000000020000028                napetiBUCK
 .data.dataBUCK
                0x0000000020000068       0x10 ./Core/Src/main.o
                0x0000000020000068                dataBUCK
 .data.SystemCoreClock
                0x0000000020000078        0x4 ./Core/Src/system_stm32f1xx.o
                0x0000000020000078                SystemCoreClock
 .data.uwTickPrio
                0x000000002000007c        0x4 ./Drivers/STM32F1xx_HAL_Driver/Src/stm32f1xx_hal.o
                0x000000002000007c                uwTickPrio
 .data.uwTickFreq
                0x0000000020000080        0x1 ./Drivers/STM32F1xx_HAL_Driver/Src/stm32f1xx_hal.o
                0x0000000020000080                uwTickFreq
 *fill*         0x0000000020000081        0x3 
 .data.USBD_CDC_DeviceQualifierDesc
                0x0000000020000084        0xa ./Middlewares/ST/STM32_USB_Device_Library/Class/CDC/Src/usbd_cdc.o
 *fill*         0x000000002000008e        0x2 
 .data.USBD_CDC
                0x0000000020000090       0x38 ./Middlewares/ST/STM32_USB_Device_Library/Class/CDC/Src/usbd_cdc.o
                0x0000000020000090                USBD_CDC
 .data.USBD_CDC_CfgHSDesc
                0x00000000200000c8       0x43 ./Middlewares/ST/STM32_USB_Device_Library/Class/CDC/Src/usbd_cdc.o
                0x00000000200000c8                USBD_CDC_CfgHSDesc
 *fill*         0x000000002000010b        0x1 
 .data.USBD_CDC_CfgFSDesc
                0x000000002000010c       0x43 ./Middlewares/ST/STM32_USB_Device_Library/Class/CDC/Src/usbd_cdc.o
                0x000000002000010c                USBD_CDC_CfgFSDesc
 *fill*         0x000000002000014f        0x1 
 .data.USBD_CDC_OtherSpeedCfgDesc
                0x0000000020000150       0x43 ./Middlewares/ST/STM32_USB_Device_Library/Class/CDC/Src/usbd_cdc.o
                0x0000000020000150                USBD_CDC_OtherSpeedCfgDesc
 *fill*         0x0000000020000193        0x1 
 .data.USBD_Interface_fops_FS
                0x0000000020000194       0x10 ./USB_DEVICE/App/usbd_cdc_if.o
                0x0000000020000194                USBD_Interface_fops_FS
 .data.FS_Desc  0x00000000200001a4       0x1c ./USB_DEVICE/App/usbd_desc.o
                0x00000000200001a4                FS_Desc
 .data.USBD_FS_DeviceDesc
                0x00000000200001c0       0x12 ./USB_DEVICE/App/usbd_desc.o
                0x00000000200001c0                USBD_FS_DeviceDesc
 *fill*         0x00000000200001d2        0x2 
 .data.USBD_LangIDDesc
                0x00000000200001d4        0x4 ./USB_DEVICE/App/usbd_desc.o
                0x00000000200001d4                USBD_LangIDDesc
 .data.USBD_StringSerial
                0x00000000200001d8       0x1a ./USB_DEVICE/App/usbd_desc.o
                0x00000000200001d8                USBD_StringSerial
 *fill*         0x00000000200001f2        0x2 
 .data._impure_ptr
                0x00000000200001f4        0x4 c:/st/stm32cubeide_1.8.0/stm32cubeide/plugins/com.st.stm32cube.ide.mcu.externaltools.gnu-tools-for-stm32.9-2020-q2-update.win32_2.0.0.202105311346/tools/bin/../lib/gcc/arm-none-eabi/9.3.1/../../../../arm-none-eabi/lib/thumb/v7-m/nofp\libc_nano.a(lib_a-impure.o)
                0x00000000200001f4                _impure_ptr
 .data.impure_data
                0x00000000200001f8       0x60 c:/st/stm32cubeide_1.8.0/stm32cubeide/plugins/com.st.stm32cube.ide.mcu.externaltools.gnu-tools-for-stm32.9-2020-q2-update.win32_2.0.0.202105311346/tools/bin/../lib/gcc/arm-none-eabi/9.3.1/../../../../arm-none-eabi/lib/thumb/v7-m/nofp\libc_nano.a(lib_a-impure.o)
 .data.__fdlib_version
                0x0000000020000258        0x1 c:/st/stm32cubeide_1.8.0/stm32cubeide/plugins/com.st.stm32cube.ide.mcu.externaltools.gnu-tools-for-stm32.9-2020-q2-update.win32_2.0.0.202105311346/tools/bin/../lib/gcc/arm-none-eabi/9.3.1/../../../../arm-none-eabi/lib/thumb/v7-m/nofp\libm.a(lib_a-s_lib_ver.o)
                0x0000000020000258                __fdlib_version
 *(.RamFunc)
 *(.RamFunc*)
                0x000000002000025c                . = ALIGN (0x4)
 *fill*         0x0000000020000259        0x3 
                0x000000002000025c                _edata = .

.igot.plt       0x000000002000025c        0x0 load address 0x000000000800ec98
 .igot.plt      0x000000002000025c        0x0 c:/st/stm32cubeide_1.8.0/stm32cubeide/plugins/com.st.stm32cube.ide.mcu.externaltools.gnu-tools-for-stm32.9-2020-q2-update.win32_2.0.0.202105311346/tools/bin/../lib/gcc/arm-none-eabi/9.3.1/thumb/v7-m/nofp/crtbegin.o
                0x000000002000025c                . = ALIGN (0x4)

.bss            0x000000002000025c     0x19e4 load address 0x000000000800ec98
                0x000000002000025c                _sbss = .
                0x000000002000025c                __bss_start__ = _sbss
 *(.bss)
 .bss           0x000000002000025c       0x1c c:/st/stm32cubeide_1.8.0/stm32cubeide/plugins/com.st.stm32cube.ide.mcu.externaltools.gnu-tools-for-stm32.9-2020-q2-update.win32_2.0.0.202105311346/tools/bin/../lib/gcc/arm-none-eabi/9.3.1/thumb/v7-m/nofp/crtbegin.o
 *(.bss*)
 .bss.Uzobrazene
                0x0000000020000278        0x4 ./Core/Src/main.o
                0x0000000020000278                Uzobrazene
 .bss.Izobrazene
                0x000000002000027c        0x4 ./Core/Src/main.o
                0x000000002000027c                Izobrazene
 .bss.Mzobrazene
                0x0000000020000280        0x4 ./Core/Src/main.o
                0x0000000020000280                Mzobrazene
 .bss.teplota   0x0000000020000284        0x4 ./Core/Src/main.o
                0x0000000020000284                teplota
 .bss.SMAy      0x0000000020000288        0x1 ./Core/Src/main.o
                0x0000000020000288                SMAy
 *fill*         0x0000000020000289        0x1 
 .bss.setmodeflag
                0x000000002000028a        0x2 ./Core/Src/main.o
                0x000000002000028a                setmodeflag
 .bss.cursor    0x000000002000028c        0x1 ./Core/Src/main.o
                0x000000002000028c                cursor
 .bss.menupage  0x000000002000028d        0x1 ./Core/Src/main.o
                0x000000002000028d                menupage
 *fill*         0x000000002000028e        0x2 
 .bss.setvoltage
                0x0000000020000290        0x4 ./Core/Src/main.o
                0x0000000020000290                setvoltage
 .bss.setcurrent
                0x0000000020000294        0x4 ./Core/Src/main.o
                0x0000000020000294                setcurrent
 .bss.ventilatorper
                0x0000000020000298        0x2 ./Core/Src/main.o
                0x0000000020000298                ventilatorper
 .bss.ventilatorhyst
                0x000000002000029a        0x1 ./Core/Src/main.o
                0x000000002000029a                ventilatorhyst
 .bss.loopcount
                0x000000002000029b        0x1 ./Core/Src/main.o
                0x000000002000029b                loopcount
 .bss.trimmed.9112
                0x000000002000029c        0x4 ./Core/Src/main.o
 .bss.SSD1306_Buffer
                0x00000000200002a0      0x400 ./Core/Src/ssd1306.o
 .bss.SSD1306   0x00000000200006a0        0x6 ./Core/Src/ssd1306.o
 .bss.cfgidx.8616
                0x00000000200006a6        0x1 ./Middlewares/ST/STM32_USB_Device_Library/Core/Src/usbd_ctlreq.o
 *fill*         0x00000000200006a7        0x1 
 .bss.mem.8686  0x00000000200006a8      0x220 ./USB_DEVICE/Target/usbd_conf.o
 *(COMMON)
 COMMON         0x00000000200008c8      0x3ec ./Core/Src/main.o
                0x00000000200008c8                tlacitko
                0x00000000200008cc                hi2c1
                0x0000000020000920                hi2c2
                0x0000000020000974                debounce
                0x000000002000097c                SMAU2
                0x0000000020000a44                SMAU0
                0x0000000020000b0c                hadc1
                0x0000000020000b3c                SMAU1
                0x0000000020000c04                ADCout
                0x0000000020000c14                hdma_adc1
                0x0000000020000c58                buffer_usb
                0x0000000020000c64                poslednistav
                0x0000000020000c68                receive
                0x0000000020000c6c                htim2
 COMMON         0x0000000020000cb4        0x4 ./Drivers/STM32F1xx_HAL_Driver/Src/stm32f1xx_hal.o
                0x0000000020000cb4                uwTick
 COMMON         0x0000000020000cb8      0x2c4 ./USB_DEVICE/App/usb_device.o
                0x0000000020000cb8                hUsbDeviceFS
 COMMON         0x0000000020000f7c      0x7d7 ./USB_DEVICE/App/usbd_cdc_if.o
                0x0000000020000f7c                UserRxBufferFS
                0x0000000020001364                UserTxBufferFS
                0x000000002000174c                buf
 *fill*         0x0000000020001753        0x1 
 COMMON         0x0000000020001754      0x200 ./USB_DEVICE/App/usbd_desc.o
                0x0000000020001754                USBD_StrDesc
 COMMON         0x0000000020001954      0x2ec ./USB_DEVICE/Target/usbd_conf.o
                0x0000000020001954                hpcd_USB_FS
                0x0000000020001c40                . = ALIGN (0x4)
                0x0000000020001c40                _ebss = .
                0x0000000020001c40                __bss_end__ = _ebss

._user_heap_stack
                0x0000000020001c40      0x600 load address 0x000000000800ec98
                0x0000000020001c40                . = ALIGN (0x8)
                [!provide]                        PROVIDE (end = .)
                0x0000000020001c40                PROVIDE (_end = .)
                0x0000000020001e40                . = (. + _Min_Heap_Size)
 *fill*         0x0000000020001c40      0x200 
                0x0000000020002240                . = (. + _Min_Stack_Size)
 *fill*         0x0000000020001e40      0x400 
                0x0000000020002240                . = ALIGN (0x8)

/DISCARD/
 libc.a(*)
 libm.a(*)
 libgcc.a(*)

.ARM.attributes
                0x0000000000000000       0x29
 *(.ARM.attributes)
 .ARM.attributes
                0x0000000000000000       0x1d c:/st/stm32cubeide_1.8.0/stm32cubeide/plugins/com.st.stm32cube.ide.mcu.externaltools.gnu-tools-for-stm32.9-2020-q2-update.win32_2.0.0.202105311346/tools/bin/../lib/gcc/arm-none-eabi/9.3.1/thumb/v7-m/nofp/crti.o
 .ARM.attributes
                0x000000000000001d       0x2d c:/st/stm32cubeide_1.8.0/stm32cubeide/plugins/com.st.stm32cube.ide.mcu.externaltools.gnu-tools-for-stm32.9-2020-q2-update.win32_2.0.0.202105311346/tools/bin/../lib/gcc/arm-none-eabi/9.3.1/thumb/v7-m/nofp/crtbegin.o
 .ARM.attributes
                0x000000000000004a       0x2d ./Core/Src/fonts.o
 .ARM.attributes
                0x0000000000000077       0x2d ./Core/Src/main.o
 .ARM.attributes
                0x00000000000000a4       0x2d ./Core/Src/ssd1306.o
 .ARM.attributes
                0x00000000000000d1       0x2d ./Core/Src/stm32f1xx_hal_msp.o
 .ARM.attributes
                0x00000000000000fe       0x2d ./Core/Src/stm32f1xx_it.o
 .ARM.attributes
                0x000000000000012b       0x2d ./Core/Src/system_stm32f1xx.o
 .ARM.attributes
                0x0000000000000158       0x21 ./Core/Startup/startup_stm32f103c8tx.o
 .ARM.attributes
                0x0000000000000179       0x2d ./Drivers/STM32F1xx_HAL_Driver/Src/stm32f1xx_hal.o
 .ARM.attributes
                0x00000000000001a6       0x2d ./Drivers/STM32F1xx_HAL_Driver/Src/stm32f1xx_hal_adc.o
 .ARM.attributes
                0x00000000000001d3       0x2d ./Drivers/STM32F1xx_HAL_Driver/Src/stm32f1xx_hal_cortex.o
 .ARM.attributes
                0x0000000000000200       0x2d ./Drivers/STM32F1xx_HAL_Driver/Src/stm32f1xx_hal_dma.o
 .ARM.attributes
                0x000000000000022d       0x2d ./Drivers/STM32F1xx_HAL_Driver/Src/stm32f1xx_hal_gpio.o
 .ARM.attributes
                0x000000000000025a       0x2d ./Drivers/STM32F1xx_HAL_Driver/Src/stm32f1xx_hal_i2c.o
 .ARM.attributes
                0x0000000000000287       0x2d ./Drivers/STM32F1xx_HAL_Driver/Src/stm32f1xx_hal_pcd.o
 .ARM.attributes
                0x00000000000002b4       0x2d ./Drivers/STM32F1xx_HAL_Driver/Src/stm32f1xx_hal_pcd_ex.o
 .ARM.attributes
                0x00000000000002e1       0x2d ./Drivers/STM32F1xx_HAL_Driver/Src/stm32f1xx_hal_rcc.o
 .ARM.attributes
                0x000000000000030e       0x2d ./Drivers/STM32F1xx_HAL_Driver/Src/stm32f1xx_hal_rcc_ex.o
 .ARM.attributes
                0x000000000000033b       0x2d ./Drivers/STM32F1xx_HAL_Driver/Src/stm32f1xx_hal_tim.o
 .ARM.attributes
                0x0000000000000368       0x2d ./Drivers/STM32F1xx_HAL_Driver/Src/stm32f1xx_hal_tim_ex.o
 .ARM.attributes
                0x0000000000000395       0x2d ./Drivers/STM32F1xx_HAL_Driver/Src/stm32f1xx_ll_usb.o
 .ARM.attributes
                0x00000000000003c2       0x2d ./Middlewares/ST/STM32_USB_Device_Library/Class/CDC/Src/usbd_cdc.o
 .ARM.attributes
                0x00000000000003ef       0x2d ./Middlewares/ST/STM32_USB_Device_Library/Core/Src/usbd_core.o
 .ARM.attributes
                0x000000000000041c       0x2d ./Middlewares/ST/STM32_USB_Device_Library/Core/Src/usbd_ctlreq.o
 .ARM.attributes
                0x0000000000000449       0x2d ./Middlewares/ST/STM32_USB_Device_Library/Core/Src/usbd_ioreq.o
 .ARM.attributes
                0x0000000000000476       0x2d ./USB_DEVICE/App/usb_device.o
 .ARM.attributes
                0x00000000000004a3       0x2d ./USB_DEVICE/App/usbd_cdc_if.o
 .ARM.attributes
                0x00000000000004d0       0x2d ./USB_DEVICE/App/usbd_desc.o
 .ARM.attributes
                0x00000000000004fd       0x2d ./USB_DEVICE/Target/usbd_conf.o
 .ARM.attributes
                0x000000000000052a       0x2d c:/st/stm32cubeide_1.8.0/stm32cubeide/plugins/com.st.stm32cube.ide.mcu.externaltools.gnu-tools-for-stm32.9-2020-q2-update.win32_2.0.0.202105311346/tools/bin/../lib/gcc/arm-none-eabi/9.3.1/../../../../arm-none-eabi/lib/thumb/v7-m/nofp\libc_nano.a(lib_a-atoi.o)
 .ARM.attributes
                0x0000000000000557       0x2d c:/st/stm32cubeide_1.8.0/stm32cubeide/plugins/com.st.stm32cube.ide.mcu.externaltools.gnu-tools-for-stm32.9-2020-q2-update.win32_2.0.0.202105311346/tools/bin/../lib/gcc/arm-none-eabi/9.3.1/../../../../arm-none-eabi/lib/thumb/v7-m/nofp\libc_nano.a(lib_a-errno.o)
 .ARM.attributes
                0x0000000000000584       0x2d c:/st/stm32cubeide_1.8.0/stm32cubeide/plugins/com.st.stm32cube.ide.mcu.externaltools.gnu-tools-for-stm32.9-2020-q2-update.win32_2.0.0.202105311346/tools/bin/../lib/gcc/arm-none-eabi/9.3.1/../../../../arm-none-eabi/lib/thumb/v7-m/nofp\libc_nano.a(lib_a-impure.o)
 .ARM.attributes
                0x00000000000005b1       0x2d c:/st/stm32cubeide_1.8.0/stm32cubeide/plugins/com.st.stm32cube.ide.mcu.externaltools.gnu-tools-for-stm32.9-2020-q2-update.win32_2.0.0.202105311346/tools/bin/../lib/gcc/arm-none-eabi/9.3.1/../../../../arm-none-eabi/lib/thumb/v7-m/nofp\libc_nano.a(lib_a-init.o)
 .ARM.attributes
                0x00000000000005de       0x2d c:/st/stm32cubeide_1.8.0/stm32cubeide/plugins/com.st.stm32cube.ide.mcu.externaltools.gnu-tools-for-stm32.9-2020-q2-update.win32_2.0.0.202105311346/tools/bin/../lib/gcc/arm-none-eabi/9.3.1/../../../../arm-none-eabi/lib/thumb/v7-m/nofp\libc_nano.a(lib_a-itoa.o)
 .ARM.attributes
                0x000000000000060b       0x2d c:/st/stm32cubeide_1.8.0/stm32cubeide/plugins/com.st.stm32cube.ide.mcu.externaltools.gnu-tools-for-stm32.9-2020-q2-update.win32_2.0.0.202105311346/tools/bin/../lib/gcc/arm-none-eabi/9.3.1/../../../../arm-none-eabi/lib/thumb/v7-m/nofp\libc_nano.a(lib_a-memcpy-stub.o)
 .ARM.attributes
                0x0000000000000638       0x2d c:/st/stm32cubeide_1.8.0/stm32cubeide/plugins/com.st.stm32cube.ide.mcu.externaltools.gnu-tools-for-stm32.9-2020-q2-update.win32_2.0.0.202105311346/tools/bin/../lib/gcc/arm-none-eabi/9.3.1/../../../../arm-none-eabi/lib/thumb/v7-m/nofp\libc_nano.a(lib_a-memset.o)
 .ARM.attributes
                0x0000000000000665       0x2d c:/st/stm32cubeide_1.8.0/stm32cubeide/plugins/com.st.stm32cube.ide.mcu.externaltools.gnu-tools-for-stm32.9-2020-q2-update.win32_2.0.0.202105311346/tools/bin/../lib/gcc/arm-none-eabi/9.3.1/../../../../arm-none-eabi/lib/thumb/v7-m/nofp\libc_nano.a(lib_a-strtol.o)
 .ARM.attributes
                0x0000000000000692       0x2d c:/st/stm32cubeide_1.8.0/stm32cubeide/plugins/com.st.stm32cube.ide.mcu.externaltools.gnu-tools-for-stm32.9-2020-q2-update.win32_2.0.0.202105311346/tools/bin/../lib/gcc/arm-none-eabi/9.3.1/../../../../arm-none-eabi/lib/thumb/v7-m/nofp\libc_nano.a(lib_a-utoa.o)
 .ARM.attributes
                0x00000000000006bf       0x2d c:/st/stm32cubeide_1.8.0/stm32cubeide/plugins/com.st.stm32cube.ide.mcu.externaltools.gnu-tools-for-stm32.9-2020-q2-update.win32_2.0.0.202105311346/tools/bin/../lib/gcc/arm-none-eabi/9.3.1/../../../../arm-none-eabi/lib/thumb/v7-m/nofp\libc_nano.a(lib_a-ctype_.o)
 .ARM.attributes
                0x00000000000006ec       0x2d c:/st/stm32cubeide_1.8.0/stm32cubeide/plugins/com.st.stm32cube.ide.mcu.externaltools.gnu-tools-for-stm32.9-2020-q2-update.win32_2.0.0.202105311346/tools/bin/../lib/gcc/arm-none-eabi/9.3.1/../../../../arm-none-eabi/lib/thumb/v7-m/nofp\libm.a(lib_a-w_log.o)
 .ARM.attributes
                0x0000000000000719       0x2d c:/st/stm32cubeide_1.8.0/stm32cubeide/plugins/com.st.stm32cube.ide.mcu.externaltools.gnu-tools-for-stm32.9-2020-q2-update.win32_2.0.0.202105311346/tools/bin/../lib/gcc/arm-none-eabi/9.3.1/../../../../arm-none-eabi/lib/thumb/v7-m/nofp\libm.a(lib_a-e_log.o)
 .ARM.attributes
                0x0000000000000746       0x2d c:/st/stm32cubeide_1.8.0/stm32cubeide/plugins/com.st.stm32cube.ide.mcu.externaltools.gnu-tools-for-stm32.9-2020-q2-update.win32_2.0.0.202105311346/tools/bin/../lib/gcc/arm-none-eabi/9.3.1/../../../../arm-none-eabi/lib/thumb/v7-m/nofp\libm.a(lib_a-s_lib_ver.o)
 .ARM.attributes
                0x0000000000000773       0x2d c:/st/stm32cubeide_1.8.0/stm32cubeide/plugins/com.st.stm32cube.ide.mcu.externaltools.gnu-tools-for-stm32.9-2020-q2-update.win32_2.0.0.202105311346/tools/bin/../lib/gcc/arm-none-eabi/9.3.1/../../../../arm-none-eabi/lib/thumb/v7-m/nofp\libm.a(lib_a-s_nan.o)
 .ARM.attributes
                0x00000000000007a0       0x1d c:/st/stm32cubeide_1.8.0/stm32cubeide/plugins/com.st.stm32cube.ide.mcu.externaltools.gnu-tools-for-stm32.9-2020-q2-update.win32_2.0.0.202105311346/tools/bin/../lib/gcc/arm-none-eabi/9.3.1/thumb/v7-m/nofp\libgcc.a(_arm_addsubdf3.o)
 .ARM.attributes
                0x00000000000007bd       0x1d c:/st/stm32cubeide_1.8.0/stm32cubeide/plugins/com.st.stm32cube.ide.mcu.externaltools.gnu-tools-for-stm32.9-2020-q2-update.win32_2.0.0.202105311346/tools/bin/../lib/gcc/arm-none-eabi/9.3.1/thumb/v7-m/nofp\libgcc.a(_arm_muldivdf3.o)
 .ARM.attributes
                0x00000000000007da       0x1d c:/st/stm32cubeide_1.8.0/stm32cubeide/plugins/com.st.stm32cube.ide.mcu.externaltools.gnu-tools-for-stm32.9-2020-q2-update.win32_2.0.0.202105311346/tools/bin/../lib/gcc/arm-none-eabi/9.3.1/thumb/v7-m/nofp\libgcc.a(_arm_cmpdf2.o)
 .ARM.attributes
                0x00000000000007f7       0x1d c:/st/stm32cubeide_1.8.0/stm32cubeide/plugins/com.st.stm32cube.ide.mcu.externaltools.gnu-tools-for-stm32.9-2020-q2-update.win32_2.0.0.202105311346/tools/bin/../lib/gcc/arm-none-eabi/9.3.1/thumb/v7-m/nofp\libgcc.a(_arm_unorddf2.o)
 .ARM.attributes
                0x0000000000000814       0x1d c:/st/stm32cubeide_1.8.0/stm32cubeide/plugins/com.st.stm32cube.ide.mcu.externaltools.gnu-tools-for-stm32.9-2020-q2-update.win32_2.0.0.202105311346/tools/bin/../lib/gcc/arm-none-eabi/9.3.1/thumb/v7-m/nofp\libgcc.a(_arm_truncdfsf2.o)
 .ARM.attributes
                0x0000000000000831       0x1d c:/st/stm32cubeide_1.8.0/stm32cubeide/plugins/com.st.stm32cube.ide.mcu.externaltools.gnu-tools-for-stm32.9-2020-q2-update.win32_2.0.0.202105311346/tools/bin/../lib/gcc/arm-none-eabi/9.3.1/thumb/v7-m/nofp\libgcc.a(_arm_addsubsf3.o)
 .ARM.attributes
                0x000000000000084e       0x1d c:/st/stm32cubeide_1.8.0/stm32cubeide/plugins/com.st.stm32cube.ide.mcu.externaltools.gnu-tools-for-stm32.9-2020-q2-update.win32_2.0.0.202105311346/tools/bin/../lib/gcc/arm-none-eabi/9.3.1/thumb/v7-m/nofp\libgcc.a(_arm_muldivsf3.o)
 .ARM.attributes
                0x000000000000086b       0x1d c:/st/stm32cubeide_1.8.0/stm32cubeide/plugins/com.st.stm32cube.ide.mcu.externaltools.gnu-tools-for-stm32.9-2020-q2-update.win32_2.0.0.202105311346/tools/bin/../lib/gcc/arm-none-eabi/9.3.1/thumb/v7-m/nofp\libgcc.a(_arm_cmpsf2.o)
 .ARM.attributes
                0x0000000000000888       0x1d c:/st/stm32cubeide_1.8.0/stm32cubeide/plugins/com.st.stm32cube.ide.mcu.externaltools.gnu-tools-for-stm32.9-2020-q2-update.win32_2.0.0.202105311346/tools/bin/../lib/gcc/arm-none-eabi/9.3.1/thumb/v7-m/nofp\libgcc.a(_arm_fixunssfsi.o)
 .ARM.attributes
                0x00000000000008a5       0x1d c:/st/stm32cubeide_1.8.0/stm32cubeide/plugins/com.st.stm32cube.ide.mcu.externaltools.gnu-tools-for-stm32.9-2020-q2-update.win32_2.0.0.202105311346/tools/bin/../lib/gcc/arm-none-eabi/9.3.1/thumb/v7-m/nofp/crtn.o
OUTPUT(display.elf elf32-littlearm)
LOAD linker stubs
LOAD c:/st/stm32cubeide_1.8.0/stm32cubeide/plugins/com.st.stm32cube.ide.mcu.externaltools.gnu-tools-for-stm32.9-2020-q2-update.win32_2.0.0.202105311346/tools/bin/../lib/gcc/arm-none-eabi/9.3.1/../../../../arm-none-eabi/lib/thumb/v7-m/nofp\libc.a
LOAD c:/st/stm32cubeide_1.8.0/stm32cubeide/plugins/com.st.stm32cube.ide.mcu.externaltools.gnu-tools-for-stm32.9-2020-q2-update.win32_2.0.0.202105311346/tools/bin/../lib/gcc/arm-none-eabi/9.3.1/../../../../arm-none-eabi/lib/thumb/v7-m/nofp\libm.a
LOAD c:/st/stm32cubeide_1.8.0/stm32cubeide/plugins/com.st.stm32cube.ide.mcu.externaltools.gnu-tools-for-stm32.9-2020-q2-update.win32_2.0.0.202105311346/tools/bin/../lib/gcc/arm-none-eabi/9.3.1/thumb/v7-m/nofp\libgcc.a

.debug_info     0x0000000000000000    0x1e4c1
 .debug_info    0x0000000000000000      0xbd3 ./Core/Src/fonts.o
 .debug_info    0x0000000000000bd3     0x2628 ./Core/Src/main.o
 .debug_info    0x00000000000031fb     0x1a1a ./Core/Src/ssd1306.o
 .debug_info    0x0000000000004c15     0x11dd ./Core/Src/stm32f1xx_hal_msp.o
 .debug_info    0x0000000000005df2      0xc2d ./Core/Src/stm32f1xx_it.o
 .debug_info    0x0000000000006a1f      0x2be ./Core/Src/system_stm32f1xx.o
 .debug_info    0x0000000000006cdd       0x22 ./Core/Startup/startup_stm32f103c8tx.o