main.c:106:6:start	8	static
main.c:118:6:error	16	static
main.c:193:6:readbuttons	8	static
main.c:312:7:trimm	24	static
main.c:349:7:ADCtoVoltage	24	static
main.c:363:7:Voltagetoteperatur	16	static
main.c:374:6:drawlogoC	32	static
main.c:388:6:drawmenu1	56	static
main.c:457:6:drawmenu2	24	static
main.c:490:6:drawmenu3	24	static
main.c:517:6:ventilator	16	static
main.c:553:6:setDAC1	24	static
main.c:559:6:setDAC2	24	static
main.c:565:6:setVout	24	static
main.c:588:6:setIout	24	static
main.c:599:7:HAL_GPIO_EXTI_Callback	32	static
main.c:668:5:main	40	static
main.c:850:6:SystemClock_Config	88	static
main.c:896:13:MX_ADC1_Init	24	static
main.c:965:13:MX_I2C1_Init	8	static
main.c:999:13:MX_I2C2_Init	8	static
main.c:1033:13:MX_TIM2_Init	48	static
main.c:1080:13:MX_DMA_Init	16	static
main.c:1098:13:MX_GPIO_Init	40	static
main.c:1159:6:Error_Handler	4	static,ignoring_inline_asm
