main.c:104:6:start	8	static
main.c:116:6:error	16	static
main.c:190:6:readbuttons	8	static
main.c:309:7:trimm	24	static
main.c:346:7:ADCtoVoltage	24	static
main.c:359:7:Voltagetoteperatur	16	static
main.c:370:6:drawlogoC	32	static
main.c:384:6:drawmenu1	56	static
main.c:453:6:drawmenu2	24	static
main.c:486:6:drawmenu3	24	static
main.c:513:6:ventilator	16	static
main.c:549:6:setDAC1	24	static
main.c:555:6:setDAC2	24	static
main.c:561:6:setVout	24	static
main.c:584:6:setIout	24	static
main.c:595:7:HAL_GPIO_EXTI_Callback	32	static
main.c:660:5:main	32	static
main.c:808:6:SystemClock_Config	88	static
main.c:854:13:MX_ADC1_Init	24	static
main.c:923:13:MX_I2C1_Init	8	static
main.c:957:13:MX_I2C2_Init	8	static
main.c:991:13:MX_TIM2_Init	48	static
main.c:1038:13:MX_DMA_Init	16	static
main.c:1056:13:MX_GPIO_Init	40	static
main.c:1117:6:Error_Handler	4	static,ignoring_inline_asm
