main.c:103:6:start	8	static
main.c:115:6:error	16	static
main.c:156:6:readbuttons	8	static
main.c:275:7:trimm	24	static
main.c:312:7:ADCtoVoltage	24	static
main.c:318:7:Voltagetoteperatur	16	static
main.c:329:6:drawlogoC	32	static
main.c:343:6:drawmenu1	56	static
main.c:412:6:drawmenu2	24	static
main.c:449:6:ventilator	16	static
main.c:485:6:setDAC1	24	static
main.c:491:6:setDAC2	24	static
main.c:497:6:setVout	24	static
main.c:518:6:setIout	24	static
main.c:529:7:HAL_GPIO_EXTI_Callback	32	static
main.c:594:5:main	32	static
main.c:710:6:SystemClock_Config	88	static
main.c:756:13:MX_ADC1_Init	24	static
main.c:825:13:MX_I2C1_Init	8	static
main.c:859:13:MX_I2C2_Init	8	static
main.c:893:13:MX_TIM2_Init	48	static
main.c:940:13:MX_DMA_Init	16	static
main.c:958:13:MX_GPIO_Init	40	static
main.c:1019:6:Error_Handler	4	static,ignoring_inline_asm
