main.c:83:7:trimm	24	static
main.c:120:6:drawlogoC	32	static
main.c:134:6:drawmenu1	56	static
main.c:197:6:setDAC1	24	static
main.c:203:6:readbuttons	8	static
main.c:265:5:main	40	static
main.c:366:6:SystemClock_Config	88	static
main.c:409:13:MX_ADC1_Init	24	static
main.c:478:13:MX_I2C1_Init	8	static
main.c:512:13:MX_I2C2_Init	8	static
main.c:546:13:MX_TIM1_Init	80	static
main.c:609:13:MX_DMA_Init	16	static
main.c:627:13:MX_GPIO_Init	32	static
main.c:667:6:Error_Handler	4	static,ignoring_inline_asm
